#
# There is insufficient memory for the Java Runtime Environment to continue.
# Native memory allocation (malloc) failed to allocate 260336 bytes. Error detail: Chunk::new
# Possible reasons:
#   The system is out of physical RAM or swap space
#   This process is running with CompressedOops enabled, and the Java Heap may be blocking the growth of the native heap
# Possible solutions:
#   Reduce memory load on the system
#   Increase physical memory or swap space
#   Check if swap backing store is full
#   Decrease Java heap size (-Xmx/-Xms)
#   Decrease number of Java threads
#   Decrease Java thread stack sizes (-Xss)
#   Set larger code cache with -XX:ReservedCodeCacheSize=
#   JVM is running with Unscaled Compressed Oops mode in which the Java heap is
#     placed in the first 4GB address space. The Java Heap base address is the
#     maximum limit for the native heap growth. Please use -XX:HeapBaseMinAddress
#     to set the Java Heap base and to place the Java Heap above 4GB virtual address.
# This output file may be truncated or incomplete.
#
#  Out of Memory Error (arena.cpp:168), pid=20844, tid=18020
#
# JRE version: OpenJDK Runtime Environment Temurin-21.0.10+7 (21.0.10+7) (build 21.0.10+7-LTS)
# Java VM: OpenJDK 64-Bit Server VM Temurin-21.0.10+7 (21.0.10+7-LTS, mixed mode, sharing, tiered, compressed oops, compressed class ptrs, g1 gc, windows-amd64)
# No core dump will be written. Minidumps are not enabled by default on client versions of Windows
#

---------------  S U M M A R Y ------------

Command Line: --add-opens=java.base/java.util=ALL-UNNAMED --add-opens=java.base/java.lang=ALL-UNNAMED --add-opens=java.base/java.lang.invoke=ALL-UNNAMED --add-opens=java.prefs/java.util.prefs=ALL-UNNAMED --add-exports=jdk.compiler/com.sun.tools.javac.api=ALL-UNNAMED --add-exports=jdk.compiler/com.sun.tools.javac.util=ALL-UNNAMED --add-opens=java.base/java.nio.charset=ALL-UNNAMED --add-opens=java.base/java.net=ALL-UNNAMED --add-opens=java.base/java.util.concurrent.atomic=ALL-UNNAMED -XX:MaxMetaspaceSize=384m -XX:+HeapDumpOnOutOfMemoryError -Xms256m -Xmx512m -Dfile.encoding=utf8 -Duser.country=IN -Duser.language=en -Duser.variant -javaagent:C:\Users\nihar\.gradle\wrapper\dists\gradle-8.10-bin\deqhafrv1ntovfmgh0nh3npr9\gradle-8.10\lib\agents\gradle-instrumentation-agent-8.10.jar org.gradle.launcher.daemon.bootstrap.GradleDaemon 8.10

Host: AMD Ryzen 5 5600H with Radeon Graphics         , 12 cores, 7G,  Windows 11 , 64 bit Build 26100 (10.0.26100.7920)
Time: Sun Mar 29 10:35:59 2026 India Standard Time elapsed time: 32.127524 seconds (0d 0h 0m 32s)

---------------  T H R E A D  ---------------

Current thread (0x000002392157e5a0):  JavaThread "C2 CompilerThread0" daemon [_thread_in_native, id=18020, stack(0x00000080c0500000,0x00000080c0600000) (1024K)]


Current CompileTask:
C2:32127 9636       4       org.gradle.internal.instantiation.generator.AbstractClassGenerator$PropertyMetadata::hasAnnotation (14 bytes)

Stack: [0x00000080c0500000,0x00000080c0600000]
Native frames: (J=compiled Java code, j=interpreted, Vv=VM code, C=native code)
V  [jvm.dll+0x6d7a39]
V  [jvm.dll+0x8b4b26]
V  [jvm.dll+0x8b70de]
V  [jvm.dll+0x8b77c3]
V  [jvm.dll+0x284346]
V  [jvm.dll+0xc66ed]
V  [jvm.dll+0xc6c31]
V  [jvm.dll+0x2fb29e]
V  [jvm.dll+0x5fe884]
V  [jvm.dll+0x255b17]
V  [jvm.dll+0x24df54]
V  [jvm.dll+0x24ba42]
V  [jvm.dll+0x1cb34e]
V  [jvm.dll+0x25b85d]
V  [jvm.dll+0x259dea]
V  [jvm.dll+0x3f857e]
V  [jvm.dll+0x85f59d]
V  [jvm.dll+0x6d626d]
C  [ucrtbase.dll+0x37b0]
C  [KERNEL32.DLL+0x2e8d7]
C  [ntdll.dll+0x8c48c]


---------------  P R O C E S S  ---------------

Threads class SMR info:
_java_thread_list=0x000002393eeb7f00, length=73, elements={
0x000002390b767a50, 0x0000023921570690, 0x0000023921573c70, 0x0000023921575370,
0x0000023921576030, 0x0000023921577880, 0x000002392157a120, 0x000002392157e5a0,
0x0000023921590ae0, 0x0000023921805ad0, 0x00000239217d6cf0, 0x000002393c6f4c20,
0x000002393cb47020, 0x000002393c9dac10, 0x000002393c9bc3c0, 0x000002393c989fc0,
0x000002393c9f16d0, 0x000002393c9f37a0, 0x000002393c9f44c0, 0x000002393c9f23f0,
0x000002393c9f3e30, 0x000002393c9f1d60, 0x000002393c9f3110, 0x000002393c9f2a80,
0x000002393fb75790, 0x000002393fb75100, 0x000002393fb73d50, 0x000002393fb74a70,
0x000002393fb75e20, 0x000002393fb764b0, 0x000002393fb743e0, 0x000002393fb73030,
0x000002393fb78580, 0x000002393fb7a650, 0x000002393fb79930, 0x000002393fb77860,
0x000002393fb77ef0, 0x000002393d52afe0, 0x000002393d529c30, 0x000002393d527b60,
0x000002393d52b670, 0x000002393d5281f0, 0x000002393d52a2c0, 0x000002393d52bd00,
0x000002393d5295a0, 0x000002393d52a950, 0x000002393d528880, 0x000002393d52c390,
0x000002393d528f10, 0x000002393d52f180, 0x000002393d52ca20, 0x000002393d52e460,
0x000002393d52d0b0, 0x000002393d52eaf0, 0x000002393d52ddd0, 0x000002393d52d740,
0x0000023940103870, 0x00000239401031e0, 0x0000023940103f00, 0x0000023940104590,
0x0000023940104c20, 0x00000239401017a0, 0x00000239401052b0, 0x0000023940101e30,
0x0000023940102b50, 0x0000023940105940, 0x00000239401024c0, 0x0000023940107380,
0x0000023940105fd0, 0x0000023940108dc0, 0x0000023940107a10, 0x0000023940106cf0,
0x000002393fe421c0
}

Java Threads: ( => current thread )
  0x000002390b767a50 JavaThread "main"                              [_thread_blocked, id=20580, stack(0x00000080bf700000,0x00000080bf800000) (1024K)]
  0x0000023921570690 JavaThread "Reference Handler"          daemon [_thread_blocked, id=31280, stack(0x00000080bff00000,0x00000080c0000000) (1024K)]
  0x0000023921573c70 JavaThread "Finalizer"                  daemon [_thread_blocked, id=17228, stack(0x00000080c0000000,0x00000080c0100000) (1024K)]
  0x0000023921575370 JavaThread "Signal Dispatcher"          daemon [_thread_blocked, id=15096, stack(0x00000080c0100000,0x00000080c0200000) (1024K)]
  0x0000023921576030 JavaThread "Attach Listener"            daemon [_thread_blocked, id=31780, stack(0x00000080c0200000,0x00000080c0300000) (1024K)]
  0x0000023921577880 JavaThread "Service Thread"             daemon [_thread_blocked, id=24136, stack(0x00000080c0300000,0x00000080c0400000) (1024K)]
  0x000002392157a120 JavaThread "Monitor Deflation Thread"   daemon [_thread_blocked, id=24320, stack(0x00000080c0400000,0x00000080c0500000) (1024K)]
=>0x000002392157e5a0 JavaThread "C2 CompilerThread0"         daemon [_thread_in_native, id=18020, stack(0x00000080c0500000,0x00000080c0600000) (1024K)]
  0x0000023921590ae0 JavaThread "C1 CompilerThread0"         daemon [_thread_blocked, id=3288, stack(0x00000080c0600000,0x00000080c0700000) (1024K)]
  0x0000023921805ad0 JavaThread "Common-Cleaner"             daemon [_thread_blocked, id=29748, stack(0x00000080c0700000,0x00000080c0800000) (1024K)]
  0x00000239217d6cf0 JavaThread "Notification Thread"        daemon [_thread_blocked, id=29488, stack(0x00000080c0800000,0x00000080c0900000) (1024K)]
  0x000002393c6f4c20 JavaThread "Daemon health stats"               [_thread_blocked, id=9076, stack(0x00000080c1200000,0x00000080c1300000) (1024K)]
  0x000002393cb47020 JavaThread "Incoming local TCP Connector on port 63628"        [_thread_in_native, id=24832, stack(0x00000080c1300000,0x00000080c1400000) (1024K)]
  0x000002393c9dac10 JavaThread "Daemon periodic checks"            [_thread_blocked, id=3436, stack(0x00000080c1400000,0x00000080c1500000) (1024K)]
  0x000002393c9bc3c0 JavaThread "Daemon"                            [_thread_blocked, id=23432, stack(0x00000080c1500000,0x00000080c1600000) (1024K)]
  0x000002393c989fc0 JavaThread "Handler for socket connection from /127.0.0.1:63628 to /127.0.0.1:63629"        [_thread_in_native, id=31144, stack(0x00000080c1600000,0x00000080c1700000) (1024K)]
  0x000002393c9f16d0 JavaThread "Cancel handler"                    [_thread_blocked, id=32968, stack(0x00000080c1700000,0x00000080c1800000) (1024K)]
  0x000002393c9f37a0 JavaThread "Daemon worker"                     [_thread_in_vm, id=25960, stack(0x00000080c1800000,0x00000080c1900000) (1024K)]
  0x000002393c9f44c0 JavaThread "Asynchronous log dispatcher for DefaultDaemonConnection: socket connection from /127.0.0.1:63628 to /127.0.0.1:63629"        [_thread_blocked, id=25580, stack(0x00000080c1900000,0x00000080c1a00000) (1024K)]
  0x000002393c9f23f0 JavaThread "Stdin handler"                     [_thread_blocked, id=5992, stack(0x00000080c1a00000,0x00000080c1b00000) (1024K)]
  0x000002393c9f3e30 JavaThread "Daemon client event forwarder"        [_thread_blocked, id=30728, stack(0x00000080c1b00000,0x00000080c1c00000) (1024K)]
  0x000002393c9f1d60 JavaThread "Cache worker for journal cache (C:\Users\nihar\.gradle\caches\journal-1)"        [_thread_blocked, id=21860, stack(0x00000080c1c00000,0x00000080c1d00000) (1024K)]
  0x000002393c9f3110 JavaThread "File lock request listener"        [_thread_in_native, id=32992, stack(0x00000080c1d00000,0x00000080c1e00000) (1024K)]
  0x000002393c9f2a80 JavaThread "Cache worker for file hash cache (C:\Users\nihar\.gradle\caches\8.10\fileHashes)"        [_thread_blocked, id=17608, stack(0x00000080c1e00000,0x00000080c1f00000) (1024K)]
  0x000002393fb75790 JavaThread "Cache worker for file hash cache (C:\Users\nihar\Documents\trae_projects\KisanSetu\.gradle\8.10\fileHashes)"        [_thread_blocked, id=29516, stack(0x00000080c2200000,0x00000080c2300000) (1024K)]
  0x000002393fb75100 JavaThread "Cache worker for Build Output Cleanup Cache (C:\Users\nihar\Documents\trae_projects\KisanSetu\.gradle\buildOutputCleanup)"        [_thread_blocked, id=17064, stack(0x00000080c2300000,0x00000080c2400000) (1024K)]
  0x000002393fb73d50 JavaThread "File watcher server"        daemon [_thread_in_native, id=29652, stack(0x00000080c2400000,0x00000080c2500000) (1024K)]
  0x000002393fb74a70 JavaThread "File watcher consumer"      daemon [_thread_blocked, id=13972, stack(0x00000080c2500000,0x00000080c2600000) (1024K)]
  0x000002393fb75e20 JavaThread "Cache worker for checksums cache (C:\Users\nihar\Documents\trae_projects\KisanSetu\.gradle\8.10\checksums)"        [_thread_blocked, id=27332, stack(0x00000080c2600000,0x00000080c2700000) (1024K)]
  0x000002393fb764b0 JavaThread "Cache worker for file content cache (C:\Users\nihar\.gradle\caches\8.10\fileContent)"        [_thread_blocked, id=25088, stack(0x00000080c2700000,0x00000080c2800000) (1024K)]
  0x000002393fb743e0 JavaThread "Cache worker for cache directory md-rule (C:\Users\nihar\.gradle\caches\8.10\md-rule)"        [_thread_blocked, id=26404, stack(0x00000080c2800000,0x00000080c2900000) (1024K)]
  0x000002393fb73030 JavaThread "Cache worker for cache directory md-supplier (C:\Users\nihar\.gradle\caches\8.10\md-supplier)"        [_thread_blocked, id=33840, stack(0x00000080c2900000,0x00000080c2a00000) (1024K)]
  0x000002393fb78580 JavaThread "jar transforms"                    [_thread_blocked, id=32224, stack(0x00000080c2a00000,0x00000080c2b00000) (1024K)]
  0x000002393fb7a650 JavaThread "jar transforms Thread 2"           [_thread_blocked, id=18808, stack(0x00000080c0900000,0x00000080c0a00000) (1024K)]
  0x000002393fb79930 JavaThread "jar transforms Thread 3"           [_thread_blocked, id=32936, stack(0x00000080c2b00000,0x00000080c2c00000) (1024K)]
  0x000002393fb77860 JavaThread "Unconstrained build operations"        [_thread_blocked, id=34644, stack(0x00000080c2c00000,0x00000080c2d00000) (1024K)]
  0x000002393fb77ef0 JavaThread "Unconstrained build operations Thread 2"        [_thread_blocked, id=4664, stack(0x00000080c2d00000,0x00000080c2e00000) (1024K)]
  0x000002393d52afe0 JavaThread "Unconstrained build operations Thread 3"        [_thread_blocked, id=13836, stack(0x00000080c2e00000,0x00000080c2f00000) (1024K)]
  0x000002393d529c30 JavaThread "Unconstrained build operations Thread 4"        [_thread_blocked, id=22896, stack(0x00000080c2f00000,0x00000080c3000000) (1024K)]
  0x000002393d527b60 JavaThread "Unconstrained build operations Thread 5"        [_thread_blocked, id=11000, stack(0x00000080c3000000,0x00000080c3100000) (1024K)]
  0x000002393d52b670 JavaThread "Unconstrained build operations Thread 6"        [_thread_blocked, id=33244, stack(0x00000080c3100000,0x00000080c3200000) (1024K)]
  0x000002393d5281f0 JavaThread "Unconstrained build operations Thread 7"        [_thread_blocked, id=30216, stack(0x00000080c3200000,0x00000080c3300000) (1024K)]
  0x000002393d52a2c0 JavaThread "Unconstrained build operations Thread 8"        [_thread_blocked, id=32528, stack(0x00000080c3300000,0x00000080c3400000) (1024K)]
  0x000002393d52bd00 JavaThread "Unconstrained build operations Thread 9"        [_thread_blocked, id=23356, stack(0x00000080c3400000,0x00000080c3500000) (1024K)]
  0x000002393d5295a0 JavaThread "Unconstrained build operations Thread 10"        [_thread_blocked, id=32704, stack(0x00000080c3500000,0x00000080c3600000) (1024K)]
  0x000002393d52a950 JavaThread "Unconstrained build operations Thread 11"        [_thread_blocked, id=24124, stack(0x00000080c3600000,0x00000080c3700000) (1024K)]
  0x000002393d528880 JavaThread "Unconstrained build operations Thread 12"        [_thread_blocked, id=34808, stack(0x00000080c3700000,0x00000080c3800000) (1024K)]
  0x000002393d52c390 JavaThread "Unconstrained build operations Thread 13"        [_thread_blocked, id=6320, stack(0x00000080c3800000,0x00000080c3900000) (1024K)]
  0x000002393d528f10 JavaThread "Unconstrained build operations Thread 14"        [_thread_blocked, id=23392, stack(0x00000080c3900000,0x00000080c3a00000) (1024K)]
  0x000002393d52f180 JavaThread "Unconstrained build operations Thread 15"        [_thread_blocked, id=15228, stack(0x00000080c3a00000,0x00000080c3b00000) (1024K)]
  0x000002393d52ca20 JavaThread "Unconstrained build operations Thread 16"        [_thread_blocked, id=31696, stack(0x00000080c3b00000,0x00000080c3c00000) (1024K)]
  0x000002393d52e460 JavaThread "Unconstrained build operations Thread 17"        [_thread_blocked, id=23736, stack(0x00000080c3c00000,0x00000080c3d00000) (1024K)]
  0x000002393d52d0b0 JavaThread "Unconstrained build operations Thread 18"        [_thread_blocked, id=19128, stack(0x00000080c3d00000,0x00000080c3e00000) (1024K)]
  0x000002393d52eaf0 JavaThread "Unconstrained build operations Thread 19"        [_thread_blocked, id=9304, stack(0x00000080c3e00000,0x00000080c3f00000) (1024K)]
  0x000002393d52ddd0 JavaThread "Unconstrained build operations Thread 20"        [_thread_blocked, id=8224, stack(0x00000080c3f00000,0x00000080c4000000) (1024K)]
  0x000002393d52d740 JavaThread "Unconstrained build operations Thread 21"        [_thread_blocked, id=10280, stack(0x00000080c4000000,0x00000080c4100000) (1024K)]
  0x0000023940103870 JavaThread "Unconstrained build operations Thread 22"        [_thread_blocked, id=20012, stack(0x00000080c4100000,0x00000080c4200000) (1024K)]
  0x00000239401031e0 JavaThread "Unconstrained build operations Thread 23"        [_thread_blocked, id=12544, stack(0x00000080c4200000,0x00000080c4300000) (1024K)]
  0x0000023940103f00 JavaThread "Unconstrained build operations Thread 24"        [_thread_blocked, id=28440, stack(0x00000080c4300000,0x00000080c4400000) (1024K)]
  0x0000023940104590 JavaThread "Unconstrained build operations Thread 25"        [_thread_blocked, id=20328, stack(0x00000080c4400000,0x00000080c4500000) (1024K)]
  0x0000023940104c20 JavaThread "Unconstrained build operations Thread 26"        [_thread_blocked, id=23020, stack(0x00000080c4500000,0x00000080c4600000) (1024K)]
  0x00000239401017a0 JavaThread "Unconstrained build operations Thread 27"        [_thread_blocked, id=17280, stack(0x00000080c4600000,0x00000080c4700000) (1024K)]
  0x00000239401052b0 JavaThread "Unconstrained build operations Thread 28"        [_thread_blocked, id=21628, stack(0x00000080c4700000,0x00000080c4800000) (1024K)]
  0x0000023940101e30 JavaThread "Unconstrained build operations Thread 29"        [_thread_blocked, id=3512, stack(0x00000080c4800000,0x00000080c4900000) (1024K)]
  0x0000023940102b50 JavaThread "Unconstrained build operations Thread 30"        [_thread_blocked, id=34512, stack(0x00000080c4900000,0x00000080c4a00000) (1024K)]
  0x0000023940105940 JavaThread "Unconstrained build operations Thread 31"        [_thread_blocked, id=19528, stack(0x00000080c4a00000,0x00000080c4b00000) (1024K)]
  0x00000239401024c0 JavaThread "Unconstrained build operations Thread 32"        [_thread_blocked, id=14612, stack(0x00000080c4b00000,0x00000080c4c00000) (1024K)]
  0x0000023940107380 JavaThread "Unconstrained build operations Thread 33"        [_thread_blocked, id=33164, stack(0x00000080c4c00000,0x00000080c4d00000) (1024K)]
  0x0000023940105fd0 JavaThread "File lock release action executor"        [_thread_blocked, id=31960, stack(0x00000080c4d00000,0x00000080c4e00000) (1024K)]
  0x0000023940108dc0 JavaThread "jar transforms Thread 4"           [_thread_blocked, id=34728, stack(0x00000080c4e00000,0x00000080c4f00000) (1024K)]
  0x0000023940107a10 JavaThread "jar transforms Thread 5"           [_thread_blocked, id=7084, stack(0x00000080c4f00000,0x00000080c5000000) (1024K)]
  0x0000023940106cf0 JavaThread "Memory manager"                    [_thread_blocked, id=33580, stack(0x00000080c5100000,0x00000080c5200000) (1024K)]
  0x000002393fe421c0 JavaThread "jar transforms Thread 6"           [_thread_blocked, id=16336, stack(0x00000080c5000000,0x00000080c5100000) (1024K)]
Total: 73

Other Threads:
  0x0000023921555ad0 VMThread "VM Thread"                           [id=29184, stack(0x00000080bfe00000,0x00000080bff00000) (1024K)]
  0x0000023921544ac0 WatcherThread "VM Periodic Task Thread"        [id=30708, stack(0x00000080bfd00000,0x00000080bfe00000) (1024K)]
  0x000002390b793590 WorkerThread "GC Thread#0"                     [id=30960, stack(0x00000080bf800000,0x00000080bf900000) (1024K)]
  0x000002393b46b530 WorkerThread "GC Thread#1"                     [id=6044, stack(0x00000080c0a00000,0x00000080c0b00000) (1024K)]
  0x000002393b05bf20 WorkerThread "GC Thread#2"                     [id=5976, stack(0x00000080c0b00000,0x00000080c0c00000) (1024K)]
  0x000002393b48ca90 WorkerThread "GC Thread#3"                     [id=19732, stack(0x00000080c0c00000,0x00000080c0d00000) (1024K)]
  0x000002393b11c780 WorkerThread "GC Thread#4"                     [id=28144, stack(0x00000080c0d00000,0x00000080c0e00000) (1024K)]
  0x000002393b11cb30 WorkerThread "GC Thread#5"                     [id=12064, stack(0x00000080c0e00000,0x00000080c0f00000) (1024K)]
  0x000002393b91dad0 WorkerThread "GC Thread#6"                     [id=31284, stack(0x00000080c0f00000,0x00000080c1000000) (1024K)]
  0x000002393b91e230 WorkerThread "GC Thread#7"                     [id=23404, stack(0x00000080c1000000,0x00000080c1100000) (1024K)]
  0x000002393b91cc10 WorkerThread "GC Thread#8"                     [id=21264, stack(0x00000080c1100000,0x00000080c1200000) (1024K)]
  0x000002393cae68e0 WorkerThread "GC Thread#9"                     [id=15424, stack(0x00000080c1f00000,0x00000080c2000000) (1024K)]
  0x000002390b798490 ConcurrentGCThread "G1 Main Marker"            [id=31676, stack(0x00000080bf900000,0x00000080bfa00000) (1024K)]
  0x000002390947ae30 WorkerThread "G1 Conc#0"                       [id=29912, stack(0x00000080bfa00000,0x00000080bfb00000) (1024K)]
  0x000002393cae73f0 WorkerThread "G1 Conc#1"                       [id=33420, stack(0x00000080c2000000,0x00000080c2100000) (1024K)]
  0x000002393cae77a0 WorkerThread "G1 Conc#2"                       [id=12904, stack(0x00000080c2100000,0x00000080c2200000) (1024K)]
  0x0000023921415670 ConcurrentGCThread "G1 Refine#0"               [id=3468, stack(0x00000080bfb00000,0x00000080bfc00000) (1024K)]
  0x0000023921415ea0 ConcurrentGCThread "G1 Service"                [id=31720, stack(0x00000080bfc00000,0x00000080bfd00000) (1024K)]
Total: 18

Threads with active compile tasks:
C2 CompilerThread0  33168 9636       4       org.gradle.internal.instantiation.generator.AbstractClassGenerator$PropertyMetadata::hasAnnotation (14 bytes)
Total: 1

VM state: not at safepoint (normal execution)

VM Mutex/Monitor currently owned by a thread: None

Heap address: 0x00000000e0000000, size: 512 MB, Compressed Oops mode: 32-bit

CDS archive(s) mapped at: [0x0000023922000000-0x0000023922ba0000-0x0000023922ba0000), size 12189696, SharedBaseAddress: 0x0000023922000000, ArchiveRelocationMode: 1.
Compressed class space mapped at: 0x0000023923000000-0x0000023937000000, reserved size: 335544320
Narrow klass base: 0x0000023922000000, Narrow klass shift: 0, Narrow klass range: 0x100000000

GC Precious Log:
 CardTable entry size: 512
 Card Set container configuration: InlinePtr #cards 5 size 8 Array Of Cards #cards 12 size 40 Howl #buckets 4 coarsen threshold 1843 Howl Bitmap #cards 512 size 80 coarsen threshold 460 Card regions per heap region 1 cards per card region 2048
 CPUs: 12 total, 12 available
 Memory: 7518M
 Large Page Support: Disabled
 NUMA Support: Disabled
 Compressed Oops: Enabled (32-bit)
 Heap Region Size: 1M
 Heap Min Capacity: 256M
 Heap Initial Capacity: 256M
 Heap Max Capacity: 512M
 Pre-touch: Disabled
 Parallel Workers: 10
 Concurrent Workers: 3
 Concurrent Refinement Workers: 10
 Periodic GC: Disabled

Heap:
 garbage-first heap   total 262144K, used 110723K [0x00000000e0000000, 0x0000000100000000)
  region size 1024K, 53 young (54272K), 15 survivors (15360K)
 Metaspace       used 71569K, committed 73536K, reserved 393216K
  class space    used 10273K, committed 11264K, reserved 327680K

Heap Regions: E=young(eden), S=young(survivor), O=old, HS=humongous(starts), HC=humongous(continues), CS=collection set, F=free, TAMS=top-at-mark-start, PB=parsable bottom
|   0|0x00000000e0000000, 0x00000000e0100000, 0x00000000e0100000|100%| O|  |TAMS 0x00000000e0000000| PB 0x00000000e0000000| Untracked 
|   1|0x00000000e0100000, 0x00000000e0200000, 0x00000000e0200000|100%|HS|  |TAMS 0x00000000e0100000| PB 0x00000000e0100000| Complete 
|   2|0x00000000e0200000, 0x00000000e0300000, 0x00000000e0300000|100%|HS|  |TAMS 0x00000000e0200000| PB 0x00000000e0200000| Complete 
|   3|0x00000000e0300000, 0x00000000e0400000, 0x00000000e0400000|100%|HC|  |TAMS 0x00000000e0300000| PB 0x00000000e0300000| Complete 
|   4|0x00000000e0400000, 0x00000000e0500000, 0x00000000e0500000|100%|HC|  |TAMS 0x00000000e0400000| PB 0x00000000e0400000| Complete 
|   5|0x00000000e0500000, 0x00000000e0600000, 0x00000000e0600000|100%|HC|  |TAMS 0x00000000e0500000| PB 0x00000000e0500000| Complete 
|   6|0x00000000e0600000, 0x00000000e0700000, 0x00000000e0700000|100%| O|  |TAMS 0x00000000e0600000| PB 0x00000000e0600000| Untracked 
|   7|0x00000000e0700000, 0x00000000e0800000, 0x00000000e0800000|100%| O|  |TAMS 0x00000000e0700000| PB 0x00000000e0700000| Untracked 
|   8|0x00000000e0800000, 0x00000000e0900000, 0x00000000e0900000|100%| O|  |TAMS 0x00000000e0800000| PB 0x00000000e0800000| Untracked 
|   9|0x00000000e0900000, 0x00000000e0a00000, 0x00000000e0a00000|100%|HS|  |TAMS 0x00000000e0900000| PB 0x00000000e0900000| Complete 
|  10|0x00000000e0a00000, 0x00000000e0b00000, 0x00000000e0b00000|100%| O|  |TAMS 0x00000000e0a00000| PB 0x00000000e0a00000| Untracked 
|  11|0x00000000e0b00000, 0x00000000e0c00000, 0x00000000e0c00000|100%| O|  |TAMS 0x00000000e0b00000| PB 0x00000000e0b00000| Untracked 
|  12|0x00000000e0c00000, 0x00000000e0d00000, 0x00000000e0d00000|100%| O|  |TAMS 0x00000000e0c00000| PB 0x00000000e0c00000| Untracked 
|  13|0x00000000e0d00000, 0x00000000e0e00000, 0x00000000e0e00000|100%| O|  |TAMS 0x00000000e0d00000| PB 0x00000000e0d00000| Untracked 
|  14|0x00000000e0e00000, 0x00000000e0f00000, 0x00000000e0f00000|100%| O|  |TAMS 0x00000000e0e00000| PB 0x00000000e0e00000| Untracked 
|  15|0x00000000e0f00000, 0x00000000e1000000, 0x00000000e1000000|100%| O|  |TAMS 0x00000000e0f00000| PB 0x00000000e0f00000| Untracked 
|  16|0x00000000e1000000, 0x00000000e1100000, 0x00000000e1100000|100%| O|  |TAMS 0x00000000e1000000| PB 0x00000000e1000000| Untracked 
|  17|0x00000000e1100000, 0x00000000e1200000, 0x00000000e1200000|100%| O|  |TAMS 0x00000000e1100000| PB 0x00000000e1100000| Untracked 
|  18|0x00000000e1200000, 0x00000000e1300000, 0x00000000e1300000|100%| O|  |TAMS 0x00000000e1200000| PB 0x00000000e1200000| Untracked 
|  19|0x00000000e1300000, 0x00000000e1400000, 0x00000000e1400000|100%| O|  |TAMS 0x00000000e1300000| PB 0x00000000e1300000| Untracked 
|  20|0x00000000e1400000, 0x00000000e1500000, 0x00000000e1500000|100%| O|  |TAMS 0x00000000e1400000| PB 0x00000000e1400000| Untracked 
|  21|0x00000000e1500000, 0x00000000e1600000, 0x00000000e1600000|100%| O|  |TAMS 0x00000000e1500000| PB 0x00000000e1500000| Untracked 
|  22|0x00000000e1600000, 0x00000000e1700000, 0x00000000e1700000|100%| O|  |TAMS 0x00000000e1600000| PB 0x00000000e1600000| Untracked 
|  23|0x00000000e1700000, 0x00000000e1800000, 0x00000000e1800000|100%| O|  |TAMS 0x00000000e1700000| PB 0x00000000e1700000| Untracked 
|  24|0x00000000e1800000, 0x00000000e1900000, 0x00000000e1900000|100%| O|  |TAMS 0x00000000e1800000| PB 0x00000000e1800000| Untracked 
|  25|0x00000000e1900000, 0x00000000e1a00000, 0x00000000e1a00000|100%| O|  |TAMS 0x00000000e1900000| PB 0x00000000e1900000| Untracked 
|  26|0x00000000e1a00000, 0x00000000e1b00000, 0x00000000e1b00000|100%|HS|  |TAMS 0x00000000e1a00000| PB 0x00000000e1a00000| Complete 
|  27|0x00000000e1b00000, 0x00000000e1c00000, 0x00000000e1c00000|100%|HS|  |TAMS 0x00000000e1b00000| PB 0x00000000e1b00000| Complete 
|  28|0x00000000e1c00000, 0x00000000e1d00000, 0x00000000e1d00000|100%| O|  |TAMS 0x00000000e1c00000| PB 0x00000000e1c00000| Untracked 
|  29|0x00000000e1d00000, 0x00000000e1e00000, 0x00000000e1e00000|100%|HS|  |TAMS 0x00000000e1d00000| PB 0x00000000e1d00000| Complete 
|  30|0x00000000e1e00000, 0x00000000e1f00000, 0x00000000e1f00000|100%|HS|  |TAMS 0x00000000e1e00000| PB 0x00000000e1e00000| Complete 
|  31|0x00000000e1f00000, 0x00000000e2000000, 0x00000000e2000000|100%| O|  |TAMS 0x00000000e1f00000| PB 0x00000000e1f00000| Untracked 
|  32|0x00000000e2000000, 0x00000000e2100000, 0x00000000e2100000|100%| O|  |TAMS 0x00000000e2000000| PB 0x00000000e2000000| Untracked 
|  33|0x00000000e2100000, 0x00000000e2200000, 0x00000000e2200000|100%| O|  |TAMS 0x00000000e2100000| PB 0x00000000e2100000| Untracked 
|  34|0x00000000e2200000, 0x00000000e2300000, 0x00000000e2300000|100%| O|  |TAMS 0x00000000e2200000| PB 0x00000000e2200000| Untracked 
|  35|0x00000000e2300000, 0x00000000e2400000, 0x00000000e2400000|100%| O|  |TAMS 0x00000000e2300000| PB 0x00000000e2300000| Untracked 
|  36|0x00000000e2400000, 0x00000000e2500000, 0x00000000e2500000|100%| O|  |TAMS 0x00000000e2400000| PB 0x00000000e2400000| Untracked 
|  37|0x00000000e2500000, 0x00000000e2600000, 0x00000000e2600000|100%| O|  |TAMS 0x00000000e2500000| PB 0x00000000e2500000| Untracked 
|  38|0x00000000e2600000, 0x00000000e2700000, 0x00000000e2700000|100%| O|  |TAMS 0x00000000e2600000| PB 0x00000000e2600000| Untracked 
|  39|0x00000000e2700000, 0x00000000e2800000, 0x00000000e2800000|100%| O|  |TAMS 0x00000000e2700000| PB 0x00000000e2700000| Untracked 
|  40|0x00000000e2800000, 0x00000000e2900000, 0x00000000e2900000|100%| O|  |TAMS 0x00000000e2800000| PB 0x00000000e2800000| Untracked 
|  41|0x00000000e2900000, 0x00000000e2a00000, 0x00000000e2a00000|100%| O|  |TAMS 0x00000000e2900000| PB 0x00000000e2900000| Untracked 
|  42|0x00000000e2a00000, 0x00000000e2b00000, 0x00000000e2b00000|100%| O|  |TAMS 0x00000000e2a00000| PB 0x00000000e2a00000| Untracked 
|  43|0x00000000e2b00000, 0x00000000e2c00000, 0x00000000e2c00000|100%| O|  |TAMS 0x00000000e2b00000| PB 0x00000000e2b00000| Untracked 
|  44|0x00000000e2c00000, 0x00000000e2d00000, 0x00000000e2d00000|100%| O|  |TAMS 0x00000000e2c00000| PB 0x00000000e2c00000| Untracked 
|  45|0x00000000e2d00000, 0x00000000e2e00000, 0x00000000e2e00000|100%| O|  |TAMS 0x00000000e2d00000| PB 0x00000000e2d00000| Untracked 
|  46|0x00000000e2e00000, 0x00000000e2f00000, 0x00000000e2f00000|100%| O|Cm|TAMS 0x00000000e2e00000| PB 0x00000000e2e00000| Complete 
|  47|0x00000000e2f00000, 0x00000000e3000000, 0x00000000e3000000|100%| O|  |TAMS 0x00000000e2f00000| PB 0x00000000e2f00000| Untracked 
|  48|0x00000000e3000000, 0x00000000e3100000, 0x00000000e3100000|100%| O|  |TAMS 0x00000000e3000000| PB 0x00000000e3000000| Untracked 
|  49|0x00000000e3100000, 0x00000000e3200000, 0x00000000e3200000|100%| O|  |TAMS 0x00000000e3100000| PB 0x00000000e3100000| Untracked 
|  50|0x00000000e3200000, 0x00000000e3300000, 0x00000000e3300000|100%| O|  |TAMS 0x00000000e3200000| PB 0x00000000e3200000| Untracked 
|  51|0x00000000e3300000, 0x00000000e3400000, 0x00000000e3400000|100%| O|  |TAMS 0x00000000e3300000| PB 0x00000000e3300000| Untracked 
|  52|0x00000000e3400000, 0x00000000e3500000, 0x00000000e3500000|100%| O|  |TAMS 0x00000000e3400000| PB 0x00000000e3400000| Untracked 
|  53|0x00000000e3500000, 0x00000000e3600000, 0x00000000e3600000|100%| O|  |TAMS 0x00000000e3500000| PB 0x00000000e3500000| Untracked 
|  54|0x00000000e3600000, 0x00000000e3700000, 0x00000000e3700000|100%| O|  |TAMS 0x00000000e3600000| PB 0x00000000e3600000| Untracked 
|  55|0x00000000e3700000, 0x00000000e3800000, 0x00000000e3800000|100%| O|  |TAMS 0x00000000e3700000| PB 0x00000000e3700000| Untracked 
|  56|0x00000000e3800000, 0x00000000e38fbf00, 0x00000000e3900000| 98%| O|  |TAMS 0x00000000e3800000| PB 0x00000000e3800000| Untracked 
|  57|0x00000000e3900000, 0x00000000e3900000, 0x00000000e3a00000|  0%| F|  |TAMS 0x00000000e3900000| PB 0x00000000e3900000| Untracked 
|  58|0x00000000e3a00000, 0x00000000e3a00000, 0x00000000e3b00000|  0%| F|  |TAMS 0x00000000e3a00000| PB 0x00000000e3a00000| Untracked 
|  59|0x00000000e3b00000, 0x00000000e3b00000, 0x00000000e3c00000|  0%| F|  |TAMS 0x00000000e3b00000| PB 0x00000000e3b00000| Untracked 
|  60|0x00000000e3c00000, 0x00000000e3c00000, 0x00000000e3d00000|  0%| F|  |TAMS 0x00000000e3c00000| PB 0x00000000e3c00000| Untracked 
|  61|0x00000000e3d00000, 0x00000000e3d00000, 0x00000000e3e00000|  0%| F|  |TAMS 0x00000000e3d00000| PB 0x00000000e3d00000| Untracked 
|  62|0x00000000e3e00000, 0x00000000e3e00000, 0x00000000e3f00000|  0%| F|  |TAMS 0x00000000e3e00000| PB 0x00000000e3e00000| Untracked 
|  63|0x00000000e3f00000, 0x00000000e3f00000, 0x00000000e4000000|  0%| F|  |TAMS 0x00000000e3f00000| PB 0x00000000e3f00000| Untracked 
|  64|0x00000000e4000000, 0x00000000e4000000, 0x00000000e4100000|  0%| F|  |TAMS 0x00000000e4000000| PB 0x00000000e4000000| Untracked 
|  65|0x00000000e4100000, 0x00000000e4100000, 0x00000000e4200000|  0%| F|  |TAMS 0x00000000e4100000| PB 0x00000000e4100000| Untracked 
|  66|0x00000000e4200000, 0x00000000e4200000, 0x00000000e4300000|  0%| F|  |TAMS 0x00000000e4200000| PB 0x00000000e4200000| Untracked 
|  67|0x00000000e4300000, 0x00000000e4300000, 0x00000000e4400000|  0%| F|  |TAMS 0x00000000e4300000| PB 0x00000000e4300000| Untracked 
|  68|0x00000000e4400000, 0x00000000e4400000, 0x00000000e4500000|  0%| F|  |TAMS 0x00000000e4400000| PB 0x00000000e4400000| Untracked 
|  69|0x00000000e4500000, 0x00000000e4500000, 0x00000000e4600000|  0%| F|  |TAMS 0x00000000e4500000| PB 0x00000000e4500000| Untracked 
|  70|0x00000000e4600000, 0x00000000e4600000, 0x00000000e4700000|  0%| F|  |TAMS 0x00000000e4600000| PB 0x00000000e4600000| Untracked 
|  71|0x00000000e4700000, 0x00000000e4700000, 0x00000000e4800000|  0%| F|  |TAMS 0x00000000e4700000| PB 0x00000000e4700000| Untracked 
|  72|0x00000000e4800000, 0x00000000e4800000, 0x00000000e4900000|  0%| F|  |TAMS 0x00000000e4800000| PB 0x00000000e4800000| Untracked 
|  73|0x00000000e4900000, 0x00000000e4900000, 0x00000000e4a00000|  0%| F|  |TAMS 0x00000000e4900000| PB 0x00000000e4900000| Untracked 
|  74|0x00000000e4a00000, 0x00000000e4a00000, 0x00000000e4b00000|  0%| F|  |TAMS 0x00000000e4a00000| PB 0x00000000e4a00000| Untracked 
|  75|0x00000000e4b00000, 0x00000000e4b00000, 0x00000000e4c00000|  0%| F|  |TAMS 0x00000000e4b00000| PB 0x00000000e4b00000| Untracked 
|  76|0x00000000e4c00000, 0x00000000e4c00000, 0x00000000e4d00000|  0%| F|  |TAMS 0x00000000e4c00000| PB 0x00000000e4c00000| Untracked 
|  77|0x00000000e4d00000, 0x00000000e4d00000, 0x00000000e4e00000|  0%| F|  |TAMS 0x00000000e4d00000| PB 0x00000000e4d00000| Untracked 
|  78|0x00000000e4e00000, 0x00000000e4e00000, 0x00000000e4f00000|  0%| F|  |TAMS 0x00000000e4e00000| PB 0x00000000e4e00000| Untracked 
|  79|0x00000000e4f00000, 0x00000000e4f00000, 0x00000000e5000000|  0%| F|  |TAMS 0x00000000e4f00000| PB 0x00000000e4f00000| Untracked 
|  80|0x00000000e5000000, 0x00000000e5000000, 0x00000000e5100000|  0%| F|  |TAMS 0x00000000e5000000| PB 0x00000000e5000000| Untracked 
|  81|0x00000000e5100000, 0x00000000e5100000, 0x00000000e5200000|  0%| F|  |TAMS 0x00000000e5100000| PB 0x00000000e5100000| Untracked 
|  82|0x00000000e5200000, 0x00000000e5200000, 0x00000000e5300000|  0%| F|  |TAMS 0x00000000e5200000| PB 0x00000000e5200000| Untracked 
|  83|0x00000000e5300000, 0x00000000e5300000, 0x00000000e5400000|  0%| F|  |TAMS 0x00000000e5300000| PB 0x00000000e5300000| Untracked 
|  84|0x00000000e5400000, 0x00000000e5400000, 0x00000000e5500000|  0%| F|  |TAMS 0x00000000e5400000| PB 0x00000000e5400000| Untracked 
|  85|0x00000000e5500000, 0x00000000e5500000, 0x00000000e5600000|  0%| F|  |TAMS 0x00000000e5500000| PB 0x00000000e5500000| Untracked 
|  86|0x00000000e5600000, 0x00000000e5600000, 0x00000000e5700000|  0%| F|  |TAMS 0x00000000e5600000| PB 0x00000000e5600000| Untracked 
|  87|0x00000000e5700000, 0x00000000e5700000, 0x00000000e5800000|  0%| F|  |TAMS 0x00000000e5700000| PB 0x00000000e5700000| Untracked 
|  88|0x00000000e5800000, 0x00000000e5824db0, 0x00000000e5900000| 14%| S|CS|TAMS 0x00000000e5800000| PB 0x00000000e5800000| Complete 
|  89|0x00000000e5900000, 0x00000000e5a00000, 0x00000000e5a00000|100%| S|CS|TAMS 0x00000000e5900000| PB 0x00000000e5900000| Complete 
|  90|0x00000000e5a00000, 0x00000000e5b00000, 0x00000000e5b00000|100%| S|CS|TAMS 0x00000000e5a00000| PB 0x00000000e5a00000| Complete 
|  91|0x00000000e5b00000, 0x00000000e5c00000, 0x00000000e5c00000|100%| S|CS|TAMS 0x00000000e5b00000| PB 0x00000000e5b00000| Complete 
|  92|0x00000000e5c00000, 0x00000000e5d00000, 0x00000000e5d00000|100%| S|CS|TAMS 0x00000000e5c00000| PB 0x00000000e5c00000| Complete 
|  93|0x00000000e5d00000, 0x00000000e5e00000, 0x00000000e5e00000|100%| S|CS|TAMS 0x00000000e5d00000| PB 0x00000000e5d00000| Complete 
|  94|0x00000000e5e00000, 0x00000000e5f00000, 0x00000000e5f00000|100%| S|CS|TAMS 0x00000000e5e00000| PB 0x00000000e5e00000| Complete 
|  95|0x00000000e5f00000, 0x00000000e6000000, 0x00000000e6000000|100%| S|CS|TAMS 0x00000000e5f00000| PB 0x00000000e5f00000| Complete 
|  96|0x00000000e6000000, 0x00000000e6100000, 0x00000000e6100000|100%| S|CS|TAMS 0x00000000e6000000| PB 0x00000000e6000000| Complete 
|  97|0x00000000e6100000, 0x00000000e6200000, 0x00000000e6200000|100%| S|CS|TAMS 0x00000000e6100000| PB 0x00000000e6100000| Complete 
|  98|0x00000000e6200000, 0x00000000e6300000, 0x00000000e6300000|100%| S|CS|TAMS 0x00000000e6200000| PB 0x00000000e6200000| Complete 
|  99|0x00000000e6300000, 0x00000000e6400000, 0x00000000e6400000|100%| S|CS|TAMS 0x00000000e6300000| PB 0x00000000e6300000| Complete 
| 100|0x00000000e6400000, 0x00000000e6500000, 0x00000000e6500000|100%| S|CS|TAMS 0x00000000e6400000| PB 0x00000000e6400000| Complete 
| 101|0x00000000e6500000, 0x00000000e6600000, 0x00000000e6600000|100%| S|CS|TAMS 0x00000000e6500000| PB 0x00000000e6500000| Complete 
| 102|0x00000000e6600000, 0x00000000e6700000, 0x00000000e6700000|100%| S|CS|TAMS 0x00000000e6600000| PB 0x00000000e6600000| Complete 
| 103|0x00000000e6700000, 0x00000000e6700000, 0x00000000e6800000|  0%| F|  |TAMS 0x00000000e6700000| PB 0x00000000e6700000| Untracked 
| 104|0x00000000e6800000, 0x00000000e6800000, 0x00000000e6900000|  0%| F|  |TAMS 0x00000000e6800000| PB 0x00000000e6800000| Untracked 
| 105|0x00000000e6900000, 0x00000000e6900000, 0x00000000e6a00000|  0%| F|  |TAMS 0x00000000e6900000| PB 0x00000000e6900000| Untracked 
| 106|0x00000000e6a00000, 0x00000000e6a00000, 0x00000000e6b00000|  0%| F|  |TAMS 0x00000000e6a00000| PB 0x00000000e6a00000| Untracked 
| 107|0x00000000e6b00000, 0x00000000e6b00000, 0x00000000e6c00000|  0%| F|  |TAMS 0x00000000e6b00000| PB 0x00000000e6b00000| Untracked 
| 108|0x00000000e6c00000, 0x00000000e6c00000, 0x00000000e6d00000|  0%| F|  |TAMS 0x00000000e6c00000| PB 0x00000000e6c00000| Untracked 
| 109|0x00000000e6d00000, 0x00000000e6d00000, 0x00000000e6e00000|  0%| F|  |TAMS 0x00000000e6d00000| PB 0x00000000e6d00000| Untracked 
| 110|0x00000000e6e00000, 0x00000000e6e00000, 0x00000000e6f00000|  0%| F|  |TAMS 0x00000000e6e00000| PB 0x00000000e6e00000| Untracked 
| 111|0x00000000e6f00000, 0x00000000e6f00000, 0x00000000e7000000|  0%| F|  |TAMS 0x00000000e6f00000| PB 0x00000000e6f00000| Untracked 
| 112|0x00000000e7000000, 0x00000000e7000000, 0x00000000e7100000|  0%| F|  |TAMS 0x00000000e7000000| PB 0x00000000e7000000| Untracked 
| 113|0x00000000e7100000, 0x00000000e7100000, 0x00000000e7200000|  0%| F|  |TAMS 0x00000000e7100000| PB 0x00000000e7100000| Untracked 
| 114|0x00000000e7200000, 0x00000000e7200000, 0x00000000e7300000|  0%| F|  |TAMS 0x00000000e7200000| PB 0x00000000e7200000| Untracked 
| 115|0x00000000e7300000, 0x00000000e7300000, 0x00000000e7400000|  0%| F|  |TAMS 0x00000000e7300000| PB 0x00000000e7300000| Untracked 
| 116|0x00000000e7400000, 0x00000000e7400000, 0x00000000e7500000|  0%| F|  |TAMS 0x00000000e7400000| PB 0x00000000e7400000| Untracked 
| 117|0x00000000e7500000, 0x00000000e7500000, 0x00000000e7600000|  0%| F|  |TAMS 0x00000000e7500000| PB 0x00000000e7500000| Untracked 
| 118|0x00000000e7600000, 0x00000000e7600000, 0x00000000e7700000|  0%| F|  |TAMS 0x00000000e7600000| PB 0x00000000e7600000| Untracked 
| 119|0x00000000e7700000, 0x00000000e7700000, 0x00000000e7800000|  0%| F|  |TAMS 0x00000000e7700000| PB 0x00000000e7700000| Untracked 
| 120|0x00000000e7800000, 0x00000000e7800000, 0x00000000e7900000|  0%| F|  |TAMS 0x00000000e7800000| PB 0x00000000e7800000| Untracked 
| 121|0x00000000e7900000, 0x00000000e7900000, 0x00000000e7a00000|  0%| F|  |TAMS 0x00000000e7900000| PB 0x00000000e7900000| Untracked 
| 122|0x00000000e7a00000, 0x00000000e7a00000, 0x00000000e7b00000|  0%| F|  |TAMS 0x00000000e7a00000| PB 0x00000000e7a00000| Untracked 
| 123|0x00000000e7b00000, 0x00000000e7b00000, 0x00000000e7c00000|  0%| F|  |TAMS 0x00000000e7b00000| PB 0x00000000e7b00000| Untracked 
| 124|0x00000000e7c00000, 0x00000000e7c00000, 0x00000000e7d00000|  0%| F|  |TAMS 0x00000000e7c00000| PB 0x00000000e7c00000| Untracked 
| 125|0x00000000e7d00000, 0x00000000e7d00000, 0x00000000e7e00000|  0%| F|  |TAMS 0x00000000e7d00000| PB 0x00000000e7d00000| Untracked 
| 126|0x00000000e7e00000, 0x00000000e7e00000, 0x00000000e7f00000|  0%| F|  |TAMS 0x00000000e7e00000| PB 0x00000000e7e00000| Untracked 
| 127|0x00000000e7f00000, 0x00000000e7f00000, 0x00000000e8000000|  0%| F|  |TAMS 0x00000000e7f00000| PB 0x00000000e7f00000| Untracked 
| 128|0x00000000e8000000, 0x00000000e8000000, 0x00000000e8100000|  0%| F|  |TAMS 0x00000000e8000000| PB 0x00000000e8000000| Untracked 
| 129|0x00000000e8100000, 0x00000000e8100000, 0x00000000e8200000|  0%| F|  |TAMS 0x00000000e8100000| PB 0x00000000e8100000| Untracked 
| 130|0x00000000e8200000, 0x00000000e8200000, 0x00000000e8300000|  0%| F|  |TAMS 0x00000000e8200000| PB 0x00000000e8200000| Untracked 
| 131|0x00000000e8300000, 0x00000000e8300000, 0x00000000e8400000|  0%| F|  |TAMS 0x00000000e8300000| PB 0x00000000e8300000| Untracked 
| 132|0x00000000e8400000, 0x00000000e8400000, 0x00000000e8500000|  0%| F|  |TAMS 0x00000000e8400000| PB 0x00000000e8400000| Untracked 
| 133|0x00000000e8500000, 0x00000000e8500000, 0x00000000e8600000|  0%| F|  |TAMS 0x00000000e8500000| PB 0x00000000e8500000| Untracked 
| 134|0x00000000e8600000, 0x00000000e8600000, 0x00000000e8700000|  0%| F|  |TAMS 0x00000000e8600000| PB 0x00000000e8600000| Untracked 
| 135|0x00000000e8700000, 0x00000000e8700000, 0x00000000e8800000|  0%| F|  |TAMS 0x00000000e8700000| PB 0x00000000e8700000| Untracked 
| 136|0x00000000e8800000, 0x00000000e8800000, 0x00000000e8900000|  0%| F|  |TAMS 0x00000000e8800000| PB 0x00000000e8800000| Untracked 
| 137|0x00000000e8900000, 0x00000000e8900000, 0x00000000e8a00000|  0%| F|  |TAMS 0x00000000e8900000| PB 0x00000000e8900000| Untracked 
| 138|0x00000000e8a00000, 0x00000000e8a00000, 0x00000000e8b00000|  0%| F|  |TAMS 0x00000000e8a00000| PB 0x00000000e8a00000| Untracked 
| 139|0x00000000e8b00000, 0x00000000e8b00000, 0x00000000e8c00000|  0%| F|  |TAMS 0x00000000e8b00000| PB 0x00000000e8b00000| Untracked 
| 140|0x00000000e8c00000, 0x00000000e8c00000, 0x00000000e8d00000|  0%| F|  |TAMS 0x00000000e8c00000| PB 0x00000000e8c00000| Untracked 
| 141|0x00000000e8d00000, 0x00000000e8d00000, 0x00000000e8e00000|  0%| F|  |TAMS 0x00000000e8d00000| PB 0x00000000e8d00000| Untracked 
| 142|0x00000000e8e00000, 0x00000000e8e00000, 0x00000000e8f00000|  0%| F|  |TAMS 0x00000000e8e00000| PB 0x00000000e8e00000| Untracked 
| 143|0x00000000e8f00000, 0x00000000e8f00000, 0x00000000e9000000|  0%| F|  |TAMS 0x00000000e8f00000| PB 0x00000000e8f00000| Untracked 
| 144|0x00000000e9000000, 0x00000000e9000000, 0x00000000e9100000|  0%| F|  |TAMS 0x00000000e9000000| PB 0x00000000e9000000| Untracked 
| 145|0x00000000e9100000, 0x00000000e9100000, 0x00000000e9200000|  0%| F|  |TAMS 0x00000000e9100000| PB 0x00000000e9100000| Untracked 
| 146|0x00000000e9200000, 0x00000000e9200000, 0x00000000e9300000|  0%| F|  |TAMS 0x00000000e9200000| PB 0x00000000e9200000| Untracked 
| 147|0x00000000e9300000, 0x00000000e9300000, 0x00000000e9400000|  0%| F|  |TAMS 0x00000000e9300000| PB 0x00000000e9300000| Untracked 
| 148|0x00000000e9400000, 0x00000000e9400000, 0x00000000e9500000|  0%| F|  |TAMS 0x00000000e9400000| PB 0x00000000e9400000| Untracked 
| 149|0x00000000e9500000, 0x00000000e9500000, 0x00000000e9600000|  0%| F|  |TAMS 0x00000000e9500000| PB 0x00000000e9500000| Untracked 
| 150|0x00000000e9600000, 0x00000000e9600000, 0x00000000e9700000|  0%| F|  |TAMS 0x00000000e9600000| PB 0x00000000e9600000| Untracked 
| 151|0x00000000e9700000, 0x00000000e9700000, 0x00000000e9800000|  0%| F|  |TAMS 0x00000000e9700000| PB 0x00000000e9700000| Untracked 
| 152|0x00000000e9800000, 0x00000000e9800000, 0x00000000e9900000|  0%| F|  |TAMS 0x00000000e9800000| PB 0x00000000e9800000| Untracked 
| 153|0x00000000e9900000, 0x00000000e9900000, 0x00000000e9a00000|  0%| F|  |TAMS 0x00000000e9900000| PB 0x00000000e9900000| Untracked 
| 154|0x00000000e9a00000, 0x00000000e9a00000, 0x00000000e9b00000|  0%| F|  |TAMS 0x00000000e9a00000| PB 0x00000000e9a00000| Untracked 
| 155|0x00000000e9b00000, 0x00000000e9b00000, 0x00000000e9c00000|  0%| F|  |TAMS 0x00000000e9b00000| PB 0x00000000e9b00000| Untracked 
| 156|0x00000000e9c00000, 0x00000000e9c00000, 0x00000000e9d00000|  0%| F|  |TAMS 0x00000000e9c00000| PB 0x00000000e9c00000| Untracked 
| 157|0x00000000e9d00000, 0x00000000e9d00000, 0x00000000e9e00000|  0%| F|  |TAMS 0x00000000e9d00000| PB 0x00000000e9d00000| Untracked 
| 158|0x00000000e9e00000, 0x00000000e9e00000, 0x00000000e9f00000|  0%| F|  |TAMS 0x00000000e9e00000| PB 0x00000000e9e00000| Untracked 
| 159|0x00000000e9f00000, 0x00000000e9f00000, 0x00000000ea000000|  0%| F|  |TAMS 0x00000000e9f00000| PB 0x00000000e9f00000| Untracked 
| 160|0x00000000ea000000, 0x00000000ea000000, 0x00000000ea100000|  0%| F|  |TAMS 0x00000000ea000000| PB 0x00000000ea000000| Untracked 
| 161|0x00000000ea100000, 0x00000000ea100000, 0x00000000ea200000|  0%| F|  |TAMS 0x00000000ea100000| PB 0x00000000ea100000| Untracked 
| 162|0x00000000ea200000, 0x00000000ea200000, 0x00000000ea300000|  0%| F|  |TAMS 0x00000000ea200000| PB 0x00000000ea200000| Untracked 
| 163|0x00000000ea300000, 0x00000000ea300000, 0x00000000ea400000|  0%| F|  |TAMS 0x00000000ea300000| PB 0x00000000ea300000| Untracked 
| 164|0x00000000ea400000, 0x00000000ea400000, 0x00000000ea500000|  0%| F|  |TAMS 0x00000000ea400000| PB 0x00000000ea400000| Untracked 
| 165|0x00000000ea500000, 0x00000000ea500000, 0x00000000ea600000|  0%| F|  |TAMS 0x00000000ea500000| PB 0x00000000ea500000| Untracked 
| 166|0x00000000ea600000, 0x00000000ea600000, 0x00000000ea700000|  0%| F|  |TAMS 0x00000000ea600000| PB 0x00000000ea600000| Untracked 
| 167|0x00000000ea700000, 0x00000000ea700000, 0x00000000ea800000|  0%| F|  |TAMS 0x00000000ea700000| PB 0x00000000ea700000| Untracked 
| 168|0x00000000ea800000, 0x00000000ea800000, 0x00000000ea900000|  0%| F|  |TAMS 0x00000000ea800000| PB 0x00000000ea800000| Untracked 
| 169|0x00000000ea900000, 0x00000000ea900000, 0x00000000eaa00000|  0%| F|  |TAMS 0x00000000ea900000| PB 0x00000000ea900000| Untracked 
| 170|0x00000000eaa00000, 0x00000000eaa00000, 0x00000000eab00000|  0%| F|  |TAMS 0x00000000eaa00000| PB 0x00000000eaa00000| Untracked 
| 171|0x00000000eab00000, 0x00000000eab00000, 0x00000000eac00000|  0%| F|  |TAMS 0x00000000eab00000| PB 0x00000000eab00000| Untracked 
| 172|0x00000000eac00000, 0x00000000eac00000, 0x00000000ead00000|  0%| F|  |TAMS 0x00000000eac00000| PB 0x00000000eac00000| Untracked 
| 173|0x00000000ead00000, 0x00000000ead00000, 0x00000000eae00000|  0%| F|  |TAMS 0x00000000ead00000| PB 0x00000000ead00000| Untracked 
| 174|0x00000000eae00000, 0x00000000eae00000, 0x00000000eaf00000|  0%| F|  |TAMS 0x00000000eae00000| PB 0x00000000eae00000| Untracked 
| 175|0x00000000eaf00000, 0x00000000eaf00000, 0x00000000eb000000|  0%| F|  |TAMS 0x00000000eaf00000| PB 0x00000000eaf00000| Untracked 
| 176|0x00000000eb000000, 0x00000000eb000000, 0x00000000eb100000|  0%| F|  |TAMS 0x00000000eb000000| PB 0x00000000eb000000| Untracked 
| 177|0x00000000eb100000, 0x00000000eb100000, 0x00000000eb200000|  0%| F|  |TAMS 0x00000000eb100000| PB 0x00000000eb100000| Untracked 
| 178|0x00000000eb200000, 0x00000000eb200000, 0x00000000eb300000|  0%| F|  |TAMS 0x00000000eb200000| PB 0x00000000eb200000| Untracked 
| 179|0x00000000eb300000, 0x00000000eb300000, 0x00000000eb400000|  0%| F|  |TAMS 0x00000000eb300000| PB 0x00000000eb300000| Untracked 
| 180|0x00000000eb400000, 0x00000000eb400000, 0x00000000eb500000|  0%| F|  |TAMS 0x00000000eb400000| PB 0x00000000eb400000| Untracked 
| 181|0x00000000eb500000, 0x00000000eb500000, 0x00000000eb600000|  0%| F|  |TAMS 0x00000000eb500000| PB 0x00000000eb500000| Untracked 
| 182|0x00000000eb600000, 0x00000000eb600000, 0x00000000eb700000|  0%| F|  |TAMS 0x00000000eb600000| PB 0x00000000eb600000| Untracked 
| 183|0x00000000eb700000, 0x00000000eb700000, 0x00000000eb800000|  0%| F|  |TAMS 0x00000000eb700000| PB 0x00000000eb700000| Untracked 
| 184|0x00000000eb800000, 0x00000000eb800000, 0x00000000eb900000|  0%| F|  |TAMS 0x00000000eb800000| PB 0x00000000eb800000| Untracked 
| 185|0x00000000eb900000, 0x00000000eb900000, 0x00000000eba00000|  0%| F|  |TAMS 0x00000000eb900000| PB 0x00000000eb900000| Untracked 
| 186|0x00000000eba00000, 0x00000000eba00000, 0x00000000ebb00000|  0%| F|  |TAMS 0x00000000eba00000| PB 0x00000000eba00000| Untracked 
| 187|0x00000000ebb00000, 0x00000000ebb00000, 0x00000000ebc00000|  0%| F|  |TAMS 0x00000000ebb00000| PB 0x00000000ebb00000| Untracked 
| 188|0x00000000ebc00000, 0x00000000ebc00000, 0x00000000ebd00000|  0%| F|  |TAMS 0x00000000ebc00000| PB 0x00000000ebc00000| Untracked 
| 189|0x00000000ebd00000, 0x00000000ebd00000, 0x00000000ebe00000|  0%| F|  |TAMS 0x00000000ebd00000| PB 0x00000000ebd00000| Untracked 
| 190|0x00000000ebe00000, 0x00000000ebe00000, 0x00000000ebf00000|  0%| F|  |TAMS 0x00000000ebe00000| PB 0x00000000ebe00000| Untracked 
| 191|0x00000000ebf00000, 0x00000000ebf00000, 0x00000000ec000000|  0%| F|  |TAMS 0x00000000ebf00000| PB 0x00000000ebf00000| Untracked 
| 192|0x00000000ec000000, 0x00000000ec000000, 0x00000000ec100000|  0%| F|  |TAMS 0x00000000ec000000| PB 0x00000000ec000000| Untracked 
| 193|0x00000000ec100000, 0x00000000ec100000, 0x00000000ec200000|  0%| F|  |TAMS 0x00000000ec100000| PB 0x00000000ec100000| Untracked 
| 194|0x00000000ec200000, 0x00000000ec200000, 0x00000000ec300000|  0%| F|  |TAMS 0x00000000ec200000| PB 0x00000000ec200000| Untracked 
| 195|0x00000000ec300000, 0x00000000ec300000, 0x00000000ec400000|  0%| F|  |TAMS 0x00000000ec300000| PB 0x00000000ec300000| Untracked 
| 196|0x00000000ec400000, 0x00000000ec400000, 0x00000000ec500000|  0%| F|  |TAMS 0x00000000ec400000| PB 0x00000000ec400000| Untracked 
| 197|0x00000000ec500000, 0x00000000ec500000, 0x00000000ec600000|  0%| F|  |TAMS 0x00000000ec500000| PB 0x00000000ec500000| Untracked 
| 198|0x00000000ec600000, 0x00000000ec600000, 0x00000000ec700000|  0%| F|  |TAMS 0x00000000ec600000| PB 0x00000000ec600000| Untracked 
| 199|0x00000000ec700000, 0x00000000ec700000, 0x00000000ec800000|  0%| F|  |TAMS 0x00000000ec700000| PB 0x00000000ec700000| Untracked 
| 200|0x00000000ec800000, 0x00000000ec800000, 0x00000000ec900000|  0%| F|  |TAMS 0x00000000ec800000| PB 0x00000000ec800000| Untracked 
| 201|0x00000000ec900000, 0x00000000ec900000, 0x00000000eca00000|  0%| F|  |TAMS 0x00000000ec900000| PB 0x00000000ec900000| Untracked 
| 202|0x00000000eca00000, 0x00000000eca00000, 0x00000000ecb00000|  0%| F|  |TAMS 0x00000000eca00000| PB 0x00000000eca00000| Untracked 
| 203|0x00000000ecb00000, 0x00000000ecb00000, 0x00000000ecc00000|  0%| F|  |TAMS 0x00000000ecb00000| PB 0x00000000ecb00000| Untracked 
| 204|0x00000000ecc00000, 0x00000000ecc00000, 0x00000000ecd00000|  0%| F|  |TAMS 0x00000000ecc00000| PB 0x00000000ecc00000| Untracked 
| 205|0x00000000ecd00000, 0x00000000ecd00000, 0x00000000ece00000|  0%| F|  |TAMS 0x00000000ecd00000| PB 0x00000000ecd00000| Untracked 
| 206|0x00000000ece00000, 0x00000000ece00000, 0x00000000ecf00000|  0%| F|  |TAMS 0x00000000ece00000| PB 0x00000000ece00000| Untracked 
| 207|0x00000000ecf00000, 0x00000000ecf00000, 0x00000000ed000000|  0%| F|  |TAMS 0x00000000ecf00000| PB 0x00000000ecf00000| Untracked 
| 208|0x00000000ed000000, 0x00000000ed000000, 0x00000000ed100000|  0%| F|  |TAMS 0x00000000ed000000| PB 0x00000000ed000000| Untracked 
| 209|0x00000000ed100000, 0x00000000ed100000, 0x00000000ed200000|  0%| F|  |TAMS 0x00000000ed100000| PB 0x00000000ed100000| Untracked 
| 210|0x00000000ed200000, 0x00000000ed200000, 0x00000000ed300000|  0%| F|  |TAMS 0x00000000ed200000| PB 0x00000000ed200000| Untracked 
| 211|0x00000000ed300000, 0x00000000ed300000, 0x00000000ed400000|  0%| F|  |TAMS 0x00000000ed300000| PB 0x00000000ed300000| Untracked 
| 212|0x00000000ed400000, 0x00000000ed400000, 0x00000000ed500000|  0%| F|  |TAMS 0x00000000ed400000| PB 0x00000000ed400000| Untracked 
| 213|0x00000000ed500000, 0x00000000ed500000, 0x00000000ed600000|  0%| F|  |TAMS 0x00000000ed500000| PB 0x00000000ed500000| Untracked 
| 214|0x00000000ed600000, 0x00000000ed600000, 0x00000000ed700000|  0%| F|  |TAMS 0x00000000ed600000| PB 0x00000000ed600000| Untracked 
| 215|0x00000000ed700000, 0x00000000ed700000, 0x00000000ed800000|  0%| F|  |TAMS 0x00000000ed700000| PB 0x00000000ed700000| Untracked 
| 216|0x00000000ed800000, 0x00000000ed800000, 0x00000000ed900000|  0%| F|  |TAMS 0x00000000ed800000| PB 0x00000000ed800000| Untracked 
| 217|0x00000000ed900000, 0x00000000ed980000, 0x00000000eda00000| 50%| E|  |TAMS 0x00000000ed900000| PB 0x00000000ed900000| Complete 
| 218|0x00000000eda00000, 0x00000000edb00000, 0x00000000edb00000|100%| E|CS|TAMS 0x00000000eda00000| PB 0x00000000eda00000| Complete 
| 219|0x00000000edb00000, 0x00000000edc00000, 0x00000000edc00000|100%| E|CS|TAMS 0x00000000edb00000| PB 0x00000000edb00000| Complete 
| 220|0x00000000edc00000, 0x00000000edd00000, 0x00000000edd00000|100%| E|CS|TAMS 0x00000000edc00000| PB 0x00000000edc00000| Complete 
| 221|0x00000000edd00000, 0x00000000ede00000, 0x00000000ede00000|100%| E|CS|TAMS 0x00000000edd00000| PB 0x00000000edd00000| Complete 
| 222|0x00000000ede00000, 0x00000000edf00000, 0x00000000edf00000|100%| E|CS|TAMS 0x00000000ede00000| PB 0x00000000ede00000| Complete 
| 223|0x00000000edf00000, 0x00000000ee000000, 0x00000000ee000000|100%| E|CS|TAMS 0x00000000edf00000| PB 0x00000000edf00000| Complete 
| 224|0x00000000ee000000, 0x00000000ee100000, 0x00000000ee100000|100%| E|CS|TAMS 0x00000000ee000000| PB 0x00000000ee000000| Complete 
| 225|0x00000000ee100000, 0x00000000ee200000, 0x00000000ee200000|100%| E|CS|TAMS 0x00000000ee100000| PB 0x00000000ee100000| Complete 
| 226|0x00000000ee200000, 0x00000000ee300000, 0x00000000ee300000|100%| E|CS|TAMS 0x00000000ee200000| PB 0x00000000ee200000| Complete 
| 227|0x00000000ee300000, 0x00000000ee400000, 0x00000000ee400000|100%| E|CS|TAMS 0x00000000ee300000| PB 0x00000000ee300000| Complete 
| 228|0x00000000ee400000, 0x00000000ee500000, 0x00000000ee500000|100%| E|CS|TAMS 0x00000000ee400000| PB 0x00000000ee400000| Complete 
| 229|0x00000000ee500000, 0x00000000ee600000, 0x00000000ee600000|100%| E|CS|TAMS 0x00000000ee500000| PB 0x00000000ee500000| Complete 
| 230|0x00000000ee600000, 0x00000000ee700000, 0x00000000ee700000|100%| E|CS|TAMS 0x00000000ee600000| PB 0x00000000ee600000| Complete 
| 231|0x00000000ee700000, 0x00000000ee800000, 0x00000000ee800000|100%| E|CS|TAMS 0x00000000ee700000| PB 0x00000000ee700000| Complete 
| 232|0x00000000ee800000, 0x00000000ee900000, 0x00000000ee900000|100%| E|CS|TAMS 0x00000000ee800000| PB 0x00000000ee800000| Complete 
| 233|0x00000000ee900000, 0x00000000eea00000, 0x00000000eea00000|100%| E|CS|TAMS 0x00000000ee900000| PB 0x00000000ee900000| Complete 
| 234|0x00000000eea00000, 0x00000000eeb00000, 0x00000000eeb00000|100%| E|CS|TAMS 0x00000000eea00000| PB 0x00000000eea00000| Complete 
| 235|0x00000000eeb00000, 0x00000000eec00000, 0x00000000eec00000|100%| E|CS|TAMS 0x00000000eeb00000| PB 0x00000000eeb00000| Complete 
| 236|0x00000000eec00000, 0x00000000eed00000, 0x00000000eed00000|100%| E|CS|TAMS 0x00000000eec00000| PB 0x00000000eec00000| Complete 
| 237|0x00000000eed00000, 0x00000000eee00000, 0x00000000eee00000|100%| E|CS|TAMS 0x00000000eed00000| PB 0x00000000eed00000| Complete 
| 238|0x00000000eee00000, 0x00000000eef00000, 0x00000000eef00000|100%| E|CS|TAMS 0x00000000eee00000| PB 0x00000000eee00000| Complete 
| 239|0x00000000eef00000, 0x00000000ef000000, 0x00000000ef000000|100%| E|CS|TAMS 0x00000000eef00000| PB 0x00000000eef00000| Complete 
| 240|0x00000000ef000000, 0x00000000ef100000, 0x00000000ef100000|100%| E|CS|TAMS 0x00000000ef000000| PB 0x00000000ef000000| Complete 
| 241|0x00000000ef100000, 0x00000000ef200000, 0x00000000ef200000|100%| E|CS|TAMS 0x00000000ef100000| PB 0x00000000ef100000| Complete 
| 242|0x00000000ef200000, 0x00000000ef300000, 0x00000000ef300000|100%| E|CS|TAMS 0x00000000ef200000| PB 0x00000000ef200000| Complete 
| 243|0x00000000ef300000, 0x00000000ef400000, 0x00000000ef400000|100%| E|CS|TAMS 0x00000000ef300000| PB 0x00000000ef300000| Complete 
| 244|0x00000000ef400000, 0x00000000ef500000, 0x00000000ef500000|100%| E|CS|TAMS 0x00000000ef400000| PB 0x00000000ef400000| Complete 
| 245|0x00000000ef500000, 0x00000000ef600000, 0x00000000ef600000|100%| E|CS|TAMS 0x00000000ef500000| PB 0x00000000ef500000| Complete 
| 246|0x00000000ef600000, 0x00000000ef700000, 0x00000000ef700000|100%| E|CS|TAMS 0x00000000ef600000| PB 0x00000000ef600000| Complete 
| 247|0x00000000ef700000, 0x00000000ef800000, 0x00000000ef800000|100%| E|CS|TAMS 0x00000000ef700000| PB 0x00000000ef700000| Complete 
| 248|0x00000000ef800000, 0x00000000ef900000, 0x00000000ef900000|100%| E|CS|TAMS 0x00000000ef800000| PB 0x00000000ef800000| Complete 
| 249|0x00000000ef900000, 0x00000000efa00000, 0x00000000efa00000|100%| E|CS|TAMS 0x00000000ef900000| PB 0x00000000ef900000| Complete 
| 250|0x00000000efa00000, 0x00000000efb00000, 0x00000000efb00000|100%| E|CS|TAMS 0x00000000efa00000| PB 0x00000000efa00000| Complete 
| 251|0x00000000efb00000, 0x00000000efc00000, 0x00000000efc00000|100%| E|CS|TAMS 0x00000000efb00000| PB 0x00000000efb00000| Complete 
| 252|0x00000000efc00000, 0x00000000efd00000, 0x00000000efd00000|100%| E|CS|TAMS 0x00000000efc00000| PB 0x00000000efc00000| Complete 
| 253|0x00000000efd00000, 0x00000000efe00000, 0x00000000efe00000|100%| E|CS|TAMS 0x00000000efd00000| PB 0x00000000efd00000| Complete 
| 254|0x00000000efe00000, 0x00000000eff00000, 0x00000000eff00000|100%| E|CS|TAMS 0x00000000efe00000| PB 0x00000000efe00000| Complete 
| 255|0x00000000eff00000, 0x00000000f0000000, 0x00000000f0000000|100%| E|CS|TAMS 0x00000000eff00000| PB 0x00000000eff00000| Complete 

Card table byte_map: [0x000002391dfb0000,0x000002391e0b0000] _byte_map_base: 0x000002391d8b0000

Marking Bits: (CMBitMap*) 0x000002390b793bb0
 Bits: [0x000002391e0b0000, 0x000002391e8b0000)

Polling page: 0x00000239095f0000

Metaspace:

Usage:
  Non-class:     59.92 MB used.
      Class:     10.04 MB used.
       Both:     69.96 MB used.

Virtual space:
  Non-class space:       64.00 MB reserved,      60.88 MB ( 95%) committed,  1 nodes.
      Class space:      320.00 MB reserved,      11.00 MB (  3%) committed,  1 nodes.
             Both:      384.00 MB reserved,      71.88 MB ( 19%) committed. 

Chunk freelists:
   Non-Class:  2.98 MB
       Class:  5.03 MB
        Both:  8.02 MB

MaxMetaspaceSize: 384.00 MB
CompressedClassSpaceSize: 320.00 MB
Initial GC threshold: 21.00 MB
Current GC threshold: 99.69 MB
CDS: on
 - commit_granule_bytes: 65536.
 - commit_granule_words: 8192.
 - virtual_space_node_default_size: 8388608.
 - enlarge_chunks_in_place: 1.
 - use_allocation_guard: 0.


Internal statistics:

num_allocs_failed_limit: 15.
num_arena_births: 3468.
num_arena_deaths: 0.
num_vsnodes_births: 2.
num_vsnodes_deaths: 0.
num_space_committed: 1150.
num_space_uncommitted: 0.
num_chunks_returned_to_freelist: 15.
num_chunks_taken_from_freelist: 6825.
num_chunk_merges: 15.
num_chunk_splits: 4465.
num_chunks_enlarged: 2776.
num_inconsistent_stats: 0.

CodeHeap 'non-profiled nmethods': size=120000Kb used=5328Kb max_used=5328Kb free=114671Kb
 bounds [0x0000023916420000, 0x0000023916960000, 0x000002391d950000]
CodeHeap 'profiled nmethods': size=120000Kb used=16868Kb max_used=16868Kb free=103131Kb
 bounds [0x000002390e950000, 0x000002390f9d0000, 0x0000023915e80000]
CodeHeap 'non-nmethods': size=5760Kb used=2651Kb max_used=2699Kb free=3109Kb
 bounds [0x0000023915e80000, 0x0000023916130000, 0x0000023916420000]
CodeCache: size=245760Kb, used=24847Kb, max_used=24895Kb, free=220911Kb
 total_blobs=9837, nmethods=8921, adapters=820, full_count=0
Compilation: enabled, stopped_count=0, restarted_count=0

Compilation events (20 events):
Event: 30.076 Thread 0x0000023921590ae0 nmethod 9631 0x000002390f9bfe90 code [0x000002390f9c0100, 0x000002390f9c0a40]
Event: 30.076 Thread 0x0000023921590ae0 9632       3       com.android.build.api.artifact.impl.StorageProviderImpl$fileStorage$1::invoke (22 bytes)
Event: 30.076 Thread 0x0000023921590ae0 nmethod 9632 0x000002390f9c0d10 code [0x000002390f9c0f60, 0x000002390f9c1720]
Event: 30.076 Thread 0x0000023921590ae0 9633       3       com.android.build.api.component.impl.ComponentImpl::getName (10 bytes)
Event: 30.076 Thread 0x0000023921590ae0 nmethod 9633 0x000002390f9c1a10 code [0x000002390f9c1bc0, 0x000002390f9c1d98]
Event: 30.087 Thread 0x0000023921590ae0 9634       3       com.android.build.api.variant.impl.ApplicationVariantImpl_Decorated::getArtifacts (40 bytes)
Event: 30.087 Thread 0x000002392157e5a0 9635   !   4       jdk.internal.reflect.DirectConstructorHandleAccessor::newInstance (130 bytes)
Event: 30.088 Thread 0x0000023921590ae0 nmethod 9634 0x000002390f9c1e90 code [0x000002390f9c2060, 0x000002390f9c23d0]
Event: 30.091 Thread 0x0000023921590ae0 9637       1       org.gradle.internal.instantiation.generator.AbstractClassGenerator$PropertyMetadata::access$2500 (5 bytes)
Event: 30.091 Thread 0x0000023921590ae0 nmethod 9637 0x0000023916952a10 code [0x0000023916952ba0, 0x0000023916952c50]
Event: 30.093 Thread 0x000002392157e5a0 nmethod 9635 0x0000023916952d10 code [0x0000023916952fc0, 0x00000239169536f0]
Event: 30.093 Thread 0x000002392157e5a0 9636       4       org.gradle.internal.instantiation.generator.AbstractClassGenerator$PropertyMetadata::hasAnnotation (14 bytes)
Event: 30.094 Thread 0x0000023921590ae0 9639       3       org.gradle.model.internal.asm.MethodVisitorScope::_AASTORE (7 bytes)
Event: 30.094 Thread 0x0000023921590ae0 nmethod 9639 0x000002390f9c2510 code [0x000002390f9c26c0, 0x000002390f9c2930]
Event: 30.094 Thread 0x0000023921590ae0 9640       3       org.gradle.internal.instantiation.generator.AbstractClassGenerator$GeneratedClassImpl$GeneratedConstructorImpl::<init> (27 bytes)
Event: 30.095 Thread 0x0000023921590ae0 nmethod 9640 0x000002390f9c2a10 code [0x000002390f9c2be0, 0x000002390f9c3140]
Event: 30.095 Thread 0x0000023921590ae0 9642       3       jdk.internal.reflect.ClassFileAssembler::emitConstantPoolMethodref (28 bytes)
Event: 30.095 Thread 0x0000023921590ae0 nmethod 9642 0x000002390f9c3310 code [0x000002390f9c3560, 0x000002390f9c3c30]
Event: 30.095 Thread 0x0000023921590ae0 9641       3       org.gradle.internal.instantiation.generator.AsmBackedClassGenerator::createUsingConstructor (13 bytes)
Event: 30.095 Thread 0x0000023921590ae0 nmethod 9641 0x000002390f9c3f90 code [0x000002390f9c4140, 0x000002390f9c44b8]

GC Heap History (20 events):
Event: 0.872 GC heap before
{Heap before GC invocations=1 (full 0):
 garbage-first heap   total 262144K, used 41494K [0x00000000e0000000, 0x0000000100000000)
  region size 1024K, 35 young (35840K), 3 survivors (3072K)
 Metaspace       used 4348K, committed 4544K, reserved 393216K
  class space    used 550K, committed 640K, reserved 327680K
}
Event: 0.875 GC heap after
{Heap after GC invocations=2 (full 0):
 garbage-first heap   total 262144K, used 12134K [0x00000000e0000000, 0x0000000100000000)
  region size 1024K, 4 young (4096K), 4 survivors (4096K)
 Metaspace       used 4348K, committed 4544K, reserved 393216K
  class space    used 550K, committed 640K, reserved 327680K
}
Event: 1.380 GC heap before
{Heap before GC invocations=2 (full 0):
 garbage-first heap   total 262144K, used 61286K [0x00000000e0000000, 0x0000000100000000)
  region size 1024K, 50 young (51200K), 4 survivors (4096K)
 Metaspace       used 6579K, committed 6848K, reserved 393216K
  class space    used 880K, committed 1024K, reserved 327680K
}
Event: 1.385 GC heap after
{Heap after GC invocations=3 (full 0):
 garbage-first heap   total 262144K, used 18933K [0x00000000e0000000, 0x0000000100000000)
  region size 1024K, 7 young (7168K), 7 survivors (7168K)
 Metaspace       used 6579K, committed 6848K, reserved 393216K
  class space    used 880K, committed 1024K, reserved 327680K
}
Event: 2.759 GC heap before
{Heap before GC invocations=3 (full 0):
 garbage-first heap   total 262144K, used 103925K [0x00000000e0000000, 0x0000000100000000)
  region size 1024K, 91 young (93184K), 7 survivors (7168K)
 Metaspace       used 20812K, committed 21504K, reserved 393216K
  class space    used 3066K, committed 3392K, reserved 327680K
}
Event: 2.766 GC heap after
{Heap after GC invocations=4 (full 0):
 garbage-first heap   total 262144K, used 25370K [0x00000000e0000000, 0x0000000100000000)
  region size 1024K, 14 young (14336K), 14 survivors (14336K)
 Metaspace       used 20812K, committed 21504K, reserved 393216K
  class space    used 3066K, committed 3392K, reserved 327680K
}
Event: 4.327 GC heap before
{Heap before GC invocations=5 (full 0):
 garbage-first heap   total 262144K, used 133914K [0x00000000e0000000, 0x0000000100000000)
  region size 1024K, 122 young (124928K), 14 survivors (14336K)
 Metaspace       used 34744K, committed 35968K, reserved 393216K
  class space    used 5050K, committed 5632K, reserved 327680K
}
Event: 4.339 GC heap after
{Heap after GC invocations=6 (full 0):
 garbage-first heap   total 262144K, used 33613K [0x00000000e0000000, 0x0000000100000000)
  region size 1024K, 15 young (15360K), 15 survivors (15360K)
 Metaspace       used 34744K, committed 35968K, reserved 393216K
  class space    used 5050K, committed 5632K, reserved 327680K
}
Event: 4.379 GC heap before
{Heap before GC invocations=6 (full 0):
 garbage-first heap   total 262144K, used 34637K [0x00000000e0000000, 0x0000000100000000)
  region size 1024K, 17 young (17408K), 15 survivors (15360K)
 Metaspace       used 35106K, committed 36288K, reserved 393216K
  class space    used 5104K, committed 5696K, reserved 327680K
}
Event: 4.387 GC heap after
{Heap after GC invocations=7 (full 0):
 garbage-first heap   total 262144K, used 32883K [0x00000000e0000000, 0x0000000100000000)
  region size 1024K, 8 young (8192K), 8 survivors (8192K)
 Metaspace       used 35106K, committed 36288K, reserved 393216K
  class space    used 5104K, committed 5696K, reserved 327680K
}
Event: 4.416 GC heap before
{Heap before GC invocations=7 (full 0):
 garbage-first heap   total 262144K, used 34931K [0x00000000e0000000, 0x0000000100000000)
  region size 1024K, 11 young (11264K), 8 survivors (8192K)
 Metaspace       used 35420K, committed 36608K, reserved 393216K
  class space    used 5164K, committed 5760K, reserved 327680K
}
Event: 4.419 GC heap after
{Heap after GC invocations=8 (full 0):
 garbage-first heap   total 262144K, used 32759K [0x00000000e0000000, 0x0000000100000000)
  region size 1024K, 8 young (8192K), 8 survivors (8192K)
 Metaspace       used 35420K, committed 36608K, reserved 393216K
  class space    used 5164K, committed 5760K, reserved 327680K
}
Event: 8.450 GC heap before
{Heap before GC invocations=9 (full 0):
 garbage-first heap   total 262144K, used 187383K [0x00000000e0000000, 0x0000000100000000)
  region size 1024K, 153 young (156672K), 8 survivors (8192K)
 Metaspace       used 49101K, committed 50816K, reserved 393216K
  class space    used 7140K, committed 8000K, reserved 327680K
}
Event: 8.464 GC heap after
{Heap after GC invocations=10 (full 0):
 garbage-first heap   total 262144K, used 44813K [0x00000000e0000000, 0x0000000100000000)
  region size 1024K, 20 young (20480K), 20 survivors (20480K)
 Metaspace       used 49101K, committed 50816K, reserved 393216K
  class space    used 7140K, committed 8000K, reserved 327680K
}
Event: 21.433 GC heap before
{Heap before GC invocations=10 (full 0):
 garbage-first heap   total 262144K, used 186125K [0x00000000e0000000, 0x0000000100000000)
  region size 1024K, 153 young (156672K), 20 survivors (20480K)
 Metaspace       used 53960K, committed 55680K, reserved 393216K
  class space    used 7706K, committed 8576K, reserved 327680K
}
Event: 21.469 GC heap after
{Heap after GC invocations=11 (full 0):
 garbage-first heap   total 262144K, used 58592K [0x00000000e0000000, 0x0000000100000000)
  region size 1024K, 12 young (12288K), 12 survivors (12288K)
 Metaspace       used 53960K, committed 55680K, reserved 393216K
  class space    used 7706K, committed 8576K, reserved 327680K
}
Event: 22.738 GC heap before
{Heap before GC invocations=11 (full 0):
 garbage-first heap   total 262144K, used 107744K [0x00000000e0000000, 0x0000000100000000)
  region size 1024K, 61 young (62464K), 12 survivors (12288K)
 Metaspace       used 59221K, committed 61120K, reserved 393216K
  class space    used 8419K, committed 9344K, reserved 327680K
}
Event: 22.746 GC heap after
{Heap after GC invocations=12 (full 0):
 garbage-first heap   total 262144K, used 61162K [0x00000000e0000000, 0x0000000100000000)
  region size 1024K, 3 young (3072K), 3 survivors (3072K)
 Metaspace       used 59221K, committed 61120K, reserved 393216K
  class space    used 8419K, committed 9344K, reserved 327680K
}
Event: 26.450 GC heap before
{Heap before GC invocations=13 (full 0):
 garbage-first heap   total 262144K, used 221930K [0x00000000e0000000, 0x0000000100000000)
  region size 1024K, 153 young (156672K), 3 survivors (3072K)
 Metaspace       used 68494K, committed 70400K, reserved 393216K
  class space    used 9657K, committed 10624K, reserved 327680K
}
Event: 26.461 GC heap after
{Heap after GC invocations=14 (full 0):
 garbage-first heap   total 262144K, used 72835K [0x00000000e0000000, 0x0000000100000000)
  region size 1024K, 15 young (15360K), 15 survivors (15360K)
 Metaspace       used 68494K, committed 70400K, reserved 393216K
  class space    used 9657K, committed 10624K, reserved 327680K
}

Dll operation events (14 events):
Event: 0.010 Loaded shared library C:\Users\nihar\.trae\extensions\redhat.java-1.53.0-win32-x64\jre\21.0.10-win32-x86_64\bin\java.dll
Event: 0.070 Loaded shared library C:\Users\nihar\.trae\extensions\redhat.java-1.53.0-win32-x64\jre\21.0.10-win32-x86_64\bin\zip.dll
Event: 0.086 Loaded shared library C:\Users\nihar\.trae\extensions\redhat.java-1.53.0-win32-x64\jre\21.0.10-win32-x86_64\bin\instrument.dll
Event: 0.091 Loaded shared library C:\Users\nihar\.trae\extensions\redhat.java-1.53.0-win32-x64\jre\21.0.10-win32-x86_64\bin\net.dll
Event: 0.093 Loaded shared library C:\Users\nihar\.trae\extensions\redhat.java-1.53.0-win32-x64\jre\21.0.10-win32-x86_64\bin\nio.dll
Event: 0.096 Loaded shared library C:\Users\nihar\.trae\extensions\redhat.java-1.53.0-win32-x64\jre\21.0.10-win32-x86_64\bin\zip.dll
Event: 0.298 Loaded shared library C:\Users\nihar\.trae\extensions\redhat.java-1.53.0-win32-x64\jre\21.0.10-win32-x86_64\bin\jimage.dll
Event: 0.438 Loaded shared library C:\Users\nihar\.trae\extensions\redhat.java-1.53.0-win32-x64\jre\21.0.10-win32-x86_64\bin\verify.dll
Event: 0.545 Loaded shared library C:\Users\nihar\.gradle\native\c067742578af261105cb4f569cf0c3c89f3d7b1fecec35dd04571415982c5e48\windows-amd64\native-platform.dll
Event: 0.560 Loaded shared library C:\Users\nihar\.gradle\native\100fb08df4bc3b14c8652ba06237920a3bd2aa13389f12d3474272988ae205f9\windows-amd64\native-platform-file-events.dll
Event: 1.358 Loaded shared library C:\Users\nihar\.trae\extensions\redhat.java-1.53.0-win32-x64\jre\21.0.10-win32-x86_64\bin\management.dll
Event: 1.361 Loaded shared library C:\Users\nihar\.trae\extensions\redhat.java-1.53.0-win32-x64\jre\21.0.10-win32-x86_64\bin\management_ext.dll
Event: 1.557 Loaded shared library C:\Users\nihar\.trae\extensions\redhat.java-1.53.0-win32-x64\jre\21.0.10-win32-x86_64\bin\extnet.dll
Event: 1.691 Loaded shared library C:\Users\nihar\.trae\extensions\redhat.java-1.53.0-win32-x64\jre\21.0.10-win32-x86_64\bin\sunmscapi.dll

Deoptimization events (20 events):
Event: 26.434 Thread 0x000002393c9f37a0 Uncommon trap: trap_request=0xffffff45 fr.pc=0x0000023916619cc4 relative=0x0000000000000364
Event: 26.434 Thread 0x000002393c9f37a0 Uncommon trap: reason=unstable_if action=reinterpret pc=0x0000023916619cc4 method=java.lang.AbstractStringBuilder.appendChars(Ljava/lang/String;II)V @ 11 c2
Event: 26.434 Thread 0x000002393c9f37a0 DEOPT PACKING pc=0x0000023916619cc4 sp=0x00000080c18f73f0
Event: 26.434 Thread 0x000002393c9f37a0 DEOPT UNPACKING pc=0x0000023915ed4422 sp=0x00000080c18f7310 mode 2
Event: 26.434 Thread 0x000002393c9f37a0 Uncommon trap: trap_request=0xffffff45 fr.pc=0x000002391661a508 relative=0x0000000000000168
Event: 26.434 Thread 0x000002393c9f37a0 Uncommon trap: reason=unstable_if action=reinterpret pc=0x000002391661a508 method=java.lang.AbstractStringBuilder.appendChars(Ljava/lang/String;II)V @ 11 c2
Event: 26.434 Thread 0x000002393c9f37a0 DEOPT PACKING pc=0x000002391661a508 sp=0x00000080c18f7360
Event: 26.434 Thread 0x000002393c9f37a0 DEOPT UNPACKING pc=0x0000023915ed4422 sp=0x00000080c18f7310 mode 2
Event: 26.434 Thread 0x000002393c9f37a0 Uncommon trap: trap_request=0xffffff45 fr.pc=0x00000239164f3d80 relative=0x00000000000004c0
Event: 26.434 Thread 0x000002393c9f37a0 Uncommon trap: reason=unstable_if action=reinterpret pc=0x00000239164f3d80 method=java.lang.String.<init>(Ljava/lang/AbstractStringBuilder;Ljava/lang/Void;)V @ 19 c2
Event: 26.434 Thread 0x000002393c9f37a0 DEOPT PACKING pc=0x00000239164f3d80 sp=0x00000080c18f7490
Event: 26.434 Thread 0x000002393c9f37a0 DEOPT UNPACKING pc=0x0000023915ed4422 sp=0x00000080c18f7448 mode 2
Event: 26.434 Thread 0x000002393c9f37a0 Uncommon trap: trap_request=0xffffff45 fr.pc=0x00000239164813f0 relative=0x0000000000000490
Event: 26.434 Thread 0x000002393c9f37a0 Uncommon trap: reason=unstable_if action=reinterpret pc=0x00000239164813f0 method=java.lang.AbstractStringBuilder.inflateIfNeededFor(Ljava/lang/String;)V @ 14 c2
Event: 26.434 Thread 0x000002393c9f37a0 DEOPT PACKING pc=0x00000239164813f0 sp=0x00000080c18f7450
Event: 26.434 Thread 0x000002393c9f37a0 DEOPT UNPACKING pc=0x0000023915ed4422 sp=0x00000080c18f7348 mode 2
Event: 26.434 Thread 0x000002393c9f37a0 Uncommon trap: trap_request=0xffffff45 fr.pc=0x0000023916475f8c relative=0x00000000000000ec
Event: 26.434 Thread 0x000002393c9f37a0 Uncommon trap: reason=unstable_if action=reinterpret pc=0x0000023916475f8c method=java.lang.String.getBytes([BIB)V @ 5 c2
Event: 26.434 Thread 0x000002393c9f37a0 DEOPT PACKING pc=0x0000023916475f8c sp=0x00000080c18f7370
Event: 26.434 Thread 0x000002393c9f37a0 DEOPT UNPACKING pc=0x0000023915ed4422 sp=0x00000080c18f7338 mode 2

Classes loaded (20 events):
Event: 24.051 Loading class java/security/KeyStore
Event: 24.051 Loading class java/security/KeyStore done
Event: 24.499 Loading class javax/xml/stream/XMLStreamException
Event: 24.500 Loading class javax/xml/stream/XMLStreamException done
Event: 24.542 Loading class sun/reflect/annotation/AnnotationInvocationHandler$1
Event: 24.542 Loading class sun/reflect/annotation/AnnotationInvocationHandler$1 done
Event: 24.968 Loading class java/beans/IntrospectionException
Event: 24.968 Loading class java/beans/IntrospectionException done
Event: 26.261 Loading class java/util/concurrent/atomic/AtomicIntegerArray
Event: 26.262 Loading class java/util/concurrent/atomic/AtomicIntegerArray done
Event: 26.264 Loading class java/util/Currency
Event: 26.265 Loading class java/util/Currency done
Event: 26.273 Loading class java/util/concurrent/atomic/AtomicLongArray
Event: 26.273 Loading class java/util/concurrent/atomic/AtomicLongArray done
Event: 26.319 Loading class sun/reflect/generics/repository/FieldRepository
Event: 26.319 Loading class sun/reflect/generics/repository/FieldRepository done
Event: 26.332 Loading class jdk/internal/vm/annotation/ForceInline
Event: 26.332 Loading class jdk/internal/vm/annotation/ForceInline done
Event: 26.435 Loading class java/util/regex/Pattern$Caret
Event: 26.435 Loading class java/util/regex/Pattern$Caret done

Classes unloaded (0 events):
No events

Classes redefined (0 events):
No events

Internal exceptions (20 events):
Event: 25.221 Thread 0x000002393c9f37a0 Exception <a 'java/lang/ClassNotFoundException'{0x00000000e957d620}: build_c97nr23ix64pb6zn9bb0sm9oh$_run_closure1$_closure4Customizer> (0x00000000e957d620) 
thrown [s\src\hotspot\share\classfile\systemDictionary.cpp, line 312]
Event: 25.224 Thread 0x000002393c9f37a0 Exception <a 'java/lang/ClassNotFoundException'{0x00000000e95a57a8}: build_c97nr23ix64pb6zn9bb0sm9oh$_run_closure1BeanInfo> (0x00000000e95a57a8) 
thrown [s\src\hotspot\share\classfile\systemDictionary.cpp, line 312]
Event: 25.225 Thread 0x000002393c9f37a0 Exception <a 'java/lang/ClassNotFoundException'{0x00000000e95b01a0}: build_c97nr23ix64pb6zn9bb0sm9oh$_run_closure1Customizer> (0x00000000e95b01a0) 
thrown [s\src\hotspot\share\classfile\systemDictionary.cpp, line 312]
Event: 25.256 Thread 0x000002393c9f37a0 Exception <a 'java/lang/ClassNotFoundException'{0x00000000e95ec4a8}: org/gradle/api/JavaVersionBeanInfo> (0x00000000e95ec4a8) 
thrown [s\src\hotspot\share\classfile\systemDictionary.cpp, line 312]
Event: 25.258 Thread 0x000002393c9f37a0 Exception <a 'java/lang/ClassNotFoundException'{0x00000000e95fe838}: org/gradle/api/JavaVersionCustomizer> (0x00000000e95fe838) 
thrown [s\src\hotspot\share\classfile\systemDictionary.cpp, line 312]
Event: 25.264 Thread 0x000002393c9f37a0 Exception <a 'java/lang/ClassNotFoundException'{0x00000000e9440fd8}: com/android/build/gradle/internal/CompileOptions$AgpDecorated_DecoratedBeanInfo> (0x00000000e9440fd8) 
thrown [s\src\hotspot\share\classfile\systemDictionary.cpp, line 312]
Event: 25.265 Thread 0x000002393c9f37a0 Exception <a 'java/lang/ClassNotFoundException'{0x00000000e944ccb8}: com/android/build/gradle/internal/CompileOptions$AgpDecoratedBeanInfo> (0x00000000e944ccb8) 
thrown [s\src\hotspot\share\classfile\systemDictionary.cpp, line 312]
Event: 25.266 Thread 0x000002393c9f37a0 Exception <a 'java/lang/ClassNotFoundException'{0x00000000e9458840}: com/android/build/gradle/internal/CompileOptionsBeanInfo> (0x00000000e9458840) 
thrown [s\src\hotspot\share\classfile\systemDictionary.cpp, line 312]
Event: 25.266 Thread 0x000002393c9f37a0 Exception <a 'java/lang/ClassNotFoundException'{0x00000000e94643c0}: com/android/build/gradle/internal/CompileOptionsCustomizer> (0x00000000e94643c0) 
thrown [s\src\hotspot\share\classfile\systemDictionary.cpp, line 312]
Event: 25.267 Thread 0x000002393c9f37a0 Exception <a 'java/lang/ClassNotFoundException'{0x00000000e947bb20}: com/android/build/gradle/internal/CompileOptions$AgpDecoratedCustomizer> (0x00000000e947bb20) 
thrown [s\src\hotspot\share\classfile\systemDictionary.cpp, line 312]
Event: 25.269 Thread 0x000002393c9f37a0 Exception <a 'java/lang/ClassNotFoundException'{0x00000000e948b6d8}: com/android/build/gradle/internal/CompileOptions$AgpDecorated_DecoratedCustomizer> (0x00000000e948b6d8) 
thrown [s\src\hotspot\share\classfile\systemDictionary.cpp, line 312]
Event: 25.300 Thread 0x000002393c9f37a0 Exception <a 'java/lang/ClassNotFoundException'{0x00000000e930d9b8}: com/android/build/gradle/internal/dsl/ApplicationBuildFeaturesImpl_DecoratedBeanInfo> (0x00000000e930d9b8) 
thrown [s\src\hotspot\share\classfile\systemDictionary.cpp, line 312]
Event: 25.300 Thread 0x000002393c9f37a0 Exception <a 'java/lang/ClassNotFoundException'{0x00000000e9319788}: com/android/build/gradle/internal/dsl/ApplicationBuildFeaturesImplBeanInfo> (0x00000000e9319788) 
thrown [s\src\hotspot\share\classfile\systemDictionary.cpp, line 312]
Event: 25.301 Thread 0x000002393c9f37a0 Exception <a 'java/lang/ClassNotFoundException'{0x00000000e9325408}: com/android/build/gradle/internal/dsl/BuildFeaturesImplBeanInfo> (0x00000000e9325408) 
thrown [s\src\hotspot\share\classfile\systemDictionary.cpp, line 312]
Event: 25.301 Thread 0x000002393c9f37a0 Exception <a 'java/lang/ClassNotFoundException'{0x00000000e9331098}: com/android/build/gradle/internal/dsl/BuildFeaturesImplCustomizer> (0x00000000e9331098) 
thrown [s\src\hotspot\share\classfile\systemDictionary.cpp, line 312]
Event: 25.303 Thread 0x000002393c9f37a0 Exception <a 'java/lang/ClassNotFoundException'{0x00000000e9348f78}: com/android/build/gradle/internal/dsl/ApplicationBuildFeaturesImplCustomizer> (0x00000000e9348f78) 
thrown [s\src\hotspot\share\classfile\systemDictionary.cpp, line 312]
Event: 25.304 Thread 0x000002393c9f37a0 Exception <a 'java/lang/ClassNotFoundException'{0x00000000e935bcb8}: com/android/build/gradle/internal/dsl/ApplicationBuildFeaturesImpl_DecoratedCustomizer> (0x00000000e935bcb8) 
thrown [s\src\hotspot\share\classfile\systemDictionary.cpp, line 312]
Event: 25.331 Thread 0x000002393c9f37a0 Implicit null exception at 0x00000239166f5edd to 0x00000239166f63bc
Event: 26.334 Thread 0x000002393c9f37a0 Exception <a 'java/lang/NoSuchMethodError'{0x00000000e6b16578}: 'void java.lang.invoke.Invokers$Holder.invokeExact_MT(java.lang.Object, java.lang.Object, java.lang.Object, java.lang.Object)'> (0x00000000e6b16578) 
thrown [s\src\hotspot\share\interpreter\linkResolver.cpp, line 773]
Event: 30.051 Thread 0x000002393c9f37a0 Exception <a 'java/lang/NoSuchMethodError'{0x00000000ee1f8bc8}: 'int java.lang.invoke.DirectMethodHandle$Holder.invokeSpecialIFC(java.lang.Object, java.lang.Object, java.lang.Object, java.lang.Object, java.lang.Object)'> (0x00000000ee1f8bc8) 
thrown [s\src\hotspot\share\interpreter\linkResolver.cpp, line 773]

ZGC Phase Switch (0 events):
No events

VM Operations (20 events):
Event: 22.908 Executing non-safepoint VM operation: HandshakeAllThreads (Deoptimize) done
Event: 23.066 Executing non-safepoint VM operation: HandshakeAllThreads (Deoptimize)
Event: 23.066 Executing non-safepoint VM operation: HandshakeAllThreads (Deoptimize) done
Event: 24.075 Executing safepoint VM operation: Cleanup
Event: 24.075 Executing safepoint VM operation: Cleanup done
Event: 25.003 Executing safepoint VM operation: ICBufferFull
Event: 25.003 Executing safepoint VM operation: ICBufferFull done
Event: 25.400 Executing non-safepoint VM operation: HandshakeAllThreads (Deoptimize)
Event: 25.400 Executing non-safepoint VM operation: HandshakeAllThreads (Deoptimize) done
Event: 26.414 Executing safepoint VM operation: Cleanup
Event: 26.430 Executing safepoint VM operation: Cleanup done
Event: 26.450 Executing safepoint VM operation: G1CollectForAllocation (G1 Evacuation Pause)
Event: 26.461 Executing safepoint VM operation: G1CollectForAllocation (G1 Evacuation Pause) done
Event: 27.474 Executing safepoint VM operation: Cleanup
Event: 27.861 Executing safepoint VM operation: Cleanup done
Event: 28.873 Executing safepoint VM operation: Cleanup
Event: 28.967 Executing safepoint VM operation: Cleanup done
Event: 29.970 Executing safepoint VM operation: Cleanup
Event: 30.049 Executing safepoint VM operation: Cleanup done
Event: 31.061 Executing safepoint VM operation: Cleanup

Memory protections (0 events):
No events

Nmethod flushes (20 events):
Event: 22.829 Thread 0x0000023921555ad0 flushing  nmethod 0x000002390ef94f90
Event: 22.829 Thread 0x0000023921555ad0 flushing  nmethod 0x000002390efb9d10
Event: 22.829 Thread 0x0000023921555ad0 flushing  nmethod 0x0000023916574490
Event: 22.829 Thread 0x0000023921555ad0 flushing  nmethod 0x00000239165d9490
Event: 22.829 Thread 0x0000023921555ad0 flushing  nmethod 0x00000239165db490
Event: 22.829 Thread 0x0000023921555ad0 flushing  nmethod 0x00000239165dd710
Event: 22.829 Thread 0x0000023921555ad0 flushing  nmethod 0x000002390eb2fb90
Event: 22.829 Thread 0x0000023921555ad0 flushing  nmethod 0x000002390eb54e10
Event: 22.829 Thread 0x0000023921555ad0 flushing  nmethod 0x000002390eb59390
Event: 22.832 Thread 0x0000023921555ad0 flushing  nmethod 0x000002390ef1c710
Event: 22.832 Thread 0x0000023921555ad0 flushing  nmethod 0x000002390f105d10
Event: 22.832 Thread 0x0000023921555ad0 flushing  nmethod 0x000002390f106210
Event: 22.832 Thread 0x0000023921555ad0 flushing  nmethod 0x000002390f107890
Event: 22.832 Thread 0x0000023921555ad0 flushing  nmethod 0x000002390f107f90
Event: 22.832 Thread 0x0000023921555ad0 flushing  nmethod 0x000002390f108710
Event: 22.832 Thread 0x0000023921555ad0 flushing  nmethod 0x000002390f108b90
Event: 22.832 Thread 0x0000023921555ad0 flushing  nmethod 0x000002390f130e10
Event: 22.832 Thread 0x0000023921555ad0 flushing  nmethod 0x000002390f131810
Event: 22.832 Thread 0x0000023921555ad0 flushing  nmethod 0x000002390f14da10
Event: 22.832 Thread 0x0000023921555ad0 flushing  nmethod 0x000002390f160d10

Events (20 events):
Event: 22.429 Thread 0x0000023921590ae0 Thread added: 0x000002393d34f390
Event: 22.556 Thread 0x000002393c9f37a0 Thread added: 0x0000023940106cf0
Event: 22.866 Thread 0x000002393d34f390 Thread exited: 0x000002393d34f390
Event: 23.075 Thread 0x0000023921590ae0 Thread added: 0x000002393ed47440
Event: 23.227 Thread 0x0000023921590ae0 Thread added: 0x000002393e667c80
Event: 23.431 Thread 0x000002393e667c80 Thread exited: 0x000002393e667c80
Event: 23.555 Thread 0x000002393ed47440 Thread exited: 0x000002393ed47440
Event: 23.713 Thread 0x0000023921590ae0 Thread added: 0x000002393e7679d0
Event: 23.902 Thread 0x0000023921590ae0 Thread added: 0x000002394034df80
Event: 24.712 Thread 0x000002394034df80 Thread exited: 0x000002394034df80
Event: 24.712 Thread 0x000002393e7679d0 Thread exited: 0x000002393e7679d0
Event: 24.767 Thread 0x000002393c9f37a0 Thread added: 0x000002393fe421c0
Event: 24.821 Thread 0x0000023921590ae0 Thread added: 0x000002393ffcdab0
Event: 24.866 Thread 0x0000023921590ae0 Thread added: 0x000002393ed2f2a0
Event: 25.580 Thread 0x000002393ed2f2a0 Thread exited: 0x000002393ed2f2a0
Event: 25.717 Thread 0x000002393ffcdab0 Thread exited: 0x000002393ffcdab0
Event: 25.987 Thread 0x0000023921590ae0 Thread added: 0x000002393cf69ed0
Event: 26.293 Thread 0x000002393cf69ed0 Thread exited: 0x000002393cf69ed0
Event: 26.341 Thread 0x0000023921590ae0 Thread added: 0x0000023941731100
Event: 28.968 Thread 0x0000023941731100 Thread exited: 0x0000023941731100


Dynamic libraries:
0x00007ff777d90000 - 0x00007ff777d9e000 	C:\Users\nihar\.trae\extensions\redhat.java-1.53.0-win32-x64\jre\21.0.10-win32-x86_64\bin\java.exe
0x00007ffe2bbc0000 - 0x00007ffe2be27000 	C:\WINDOWS\SYSTEM32\ntdll.dll
0x00007ffe2a960000 - 0x00007ffe2aa29000 	C:\WINDOWS\System32\KERNEL32.DLL
0x00007ffe294b0000 - 0x00007ffe298a1000 	C:\WINDOWS\System32\KERNELBASE.dll
0x00007ffe25ce0000 - 0x00007ffe25d7f000 	C:\WINDOWS\SYSTEM32\apphelp.dll
0x00007ffe291e0000 - 0x00007ffe2932b000 	C:\WINDOWS\System32\ucrtbase.dll
0x00007ffdf26a0000 - 0x00007ffdf26b8000 	C:\Users\nihar\.trae\extensions\redhat.java-1.53.0-win32-x64\jre\21.0.10-win32-x86_64\bin\jli.dll
0x00007ffdf6b00000 - 0x00007ffdf6b1e000 	C:\Users\nihar\.trae\extensions\redhat.java-1.53.0-win32-x64\jre\21.0.10-win32-x86_64\bin\VCRUNTIME140.dll
0x00007ffe2b450000 - 0x00007ffe2b615000 	C:\WINDOWS\System32\USER32.dll
0x00007ffe284a0000 - 0x00007ffe284c7000 	C:\WINDOWS\System32\win32u.dll
0x00007ffe10290000 - 0x00007ffe10523000 	C:\WINDOWS\WinSxS\amd64_microsoft.windows.common-controls_6595b64144ccf1df_6.0.26100.8037_none_3e092faae333b53b\COMCTL32.dll
0x00007ffe29a40000 - 0x00007ffe29ae9000 	C:\WINDOWS\System32\msvcrt.dll
0x00007ffe2aaf0000 - 0x00007ffe2ab1b000 	C:\WINDOWS\System32\GDI32.dll
0x00007ffe28e00000 - 0x00007ffe28f2b000 	C:\WINDOWS\System32\gdi32full.dll
0x00007ffe298b0000 - 0x00007ffe29953000 	C:\WINDOWS\System32\msvcp_win.dll
0x00007ffe29fc0000 - 0x00007ffe29ff1000 	C:\WINDOWS\System32\IMM32.DLL
0x00007ffe19f00000 - 0x00007ffe19f0c000 	C:\Users\nihar\.trae\extensions\redhat.java-1.53.0-win32-x64\jre\21.0.10-win32-x86_64\bin\vcruntime140_1.dll
0x00007ffdc8810000 - 0x00007ffdc889d000 	C:\Users\nihar\.trae\extensions\redhat.java-1.53.0-win32-x64\jre\21.0.10-win32-x86_64\bin\msvcp140.dll
0x00007ffd5c950000 - 0x00007ffd5d6f1000 	C:\Users\nihar\.trae\extensions\redhat.java-1.53.0-win32-x64\jre\21.0.10-win32-x86_64\bin\server\jvm.dll
0x00007ffe2aa30000 - 0x00007ffe2aaeb000 	C:\WINDOWS\System32\ADVAPI32.dll
0x00007ffe2b800000 - 0x00007ffe2b8a7000 	C:\WINDOWS\System32\sechost.dll
0x00007ffe2b9f0000 - 0x00007ffe2bb08000 	C:\WINDOWS\System32\RPCRT4.dll
0x00007ffe29bb0000 - 0x00007ffe29c24000 	C:\WINDOWS\System32\WS2_32.dll
0x00007ffe28300000 - 0x00007ffe2835e000 	C:\WINDOWS\SYSTEM32\POWRPROF.dll
0x00007ffe211e0000 - 0x00007ffe21215000 	C:\WINDOWS\SYSTEM32\WINMM.dll
0x00007ffe21220000 - 0x00007ffe2122b000 	C:\WINDOWS\SYSTEM32\VERSION.dll
0x00007ffe282e0000 - 0x00007ffe282f4000 	C:\WINDOWS\SYSTEM32\UMPDC.dll
0x00007ffe27230000 - 0x00007ffe2724b000 	C:\WINDOWS\SYSTEM32\kernel.appcore.dll
0x00007ffe18980000 - 0x00007ffe1898a000 	C:\Users\nihar\.trae\extensions\redhat.java-1.53.0-win32-x64\jre\21.0.10-win32-x86_64\bin\jimage.dll
0x00007ffe1ba30000 - 0x00007ffe1bc72000 	C:\WINDOWS\SYSTEM32\DBGHELP.DLL
0x00007ffe29c30000 - 0x00007ffe29fb2000 	C:\WINDOWS\System32\combase.dll
0x00007ffe2a020000 - 0x00007ffe2a0f7000 	C:\WINDOWS\System32\OLEAUT32.dll
0x00007ffe08170000 - 0x00007ffe081ab000 	C:\WINDOWS\SYSTEM32\dbgcore.DLL
0x00007ffe29130000 - 0x00007ffe291d5000 	C:\WINDOWS\System32\bcryptPrimitives.dll
0x00007ffe21510000 - 0x00007ffe2151f000 	C:\Users\nihar\.trae\extensions\redhat.java-1.53.0-win32-x64\jre\21.0.10-win32-x86_64\bin\instrument.dll
0x00007ffdf2680000 - 0x00007ffdf26a0000 	C:\Users\nihar\.trae\extensions\redhat.java-1.53.0-win32-x64\jre\21.0.10-win32-x86_64\bin\java.dll
0x00007ffe2ab80000 - 0x00007ffe2b2df000 	C:\WINDOWS\System32\SHELL32.dll
0x00007ffe28fc0000 - 0x00007ffe2912a000 	C:\WINDOWS\System32\wintypes.dll
0x00007ffe28590000 - 0x00007ffe28df4000 	C:\WINDOWS\System32\windows.storage.dll
0x00007ffe2a340000 - 0x00007ffe2a437000 	C:\WINDOWS\System32\SHCORE.dll
0x00007ffe2bb10000 - 0x00007ffe2bb77000 	C:\WINDOWS\System32\shlwapi.dll
0x00007ffe283c0000 - 0x00007ffe283e9000 	C:\WINDOWS\SYSTEM32\profapi.dll
0x00007ffdef000000 - 0x00007ffdef018000 	C:\Users\nihar\.trae\extensions\redhat.java-1.53.0-win32-x64\jre\21.0.10-win32-x86_64\bin\zip.dll
0x00007ffe16030000 - 0x00007ffe16040000 	C:\Users\nihar\.trae\extensions\redhat.java-1.53.0-win32-x64\jre\21.0.10-win32-x86_64\bin\net.dll
0x00007ffe1eae0000 - 0x00007ffe1ec07000 	C:\WINDOWS\SYSTEM32\WINHTTP.dll
0x00007ffe277a0000 - 0x00007ffe2780b000 	C:\WINDOWS\system32\mswsock.dll
0x00007ffdde1f0000 - 0x00007ffdde206000 	C:\Users\nihar\.trae\extensions\redhat.java-1.53.0-win32-x64\jre\21.0.10-win32-x86_64\bin\nio.dll
0x00007ffe14350000 - 0x00007ffe14360000 	C:\Users\nihar\.trae\extensions\redhat.java-1.53.0-win32-x64\jre\21.0.10-win32-x86_64\bin\verify.dll
0x00007ffdcda10000 - 0x00007ffdcda37000 	C:\Users\nihar\.gradle\native\c067742578af261105cb4f569cf0c3c89f3d7b1fecec35dd04571415982c5e48\windows-amd64\native-platform.dll
0x00007ffd72c20000 - 0x00007ffd72d64000 	C:\Users\nihar\.gradle\native\100fb08df4bc3b14c8652ba06237920a3bd2aa13389f12d3474272988ae205f9\windows-amd64\native-platform-file-events.dll
0x00007ffe0df80000 - 0x00007ffe0df8a000 	C:\Users\nihar\.trae\extensions\redhat.java-1.53.0-win32-x64\jre\21.0.10-win32-x86_64\bin\management.dll
0x00007ffe00d80000 - 0x00007ffe00d8c000 	C:\Users\nihar\.trae\extensions\redhat.java-1.53.0-win32-x64\jre\21.0.10-win32-x86_64\bin\management_ext.dll
0x00007ffe2b8b0000 - 0x00007ffe2b8b8000 	C:\WINDOWS\System32\PSAPI.DLL
0x00007ffe27a80000 - 0x00007ffe27a9b000 	C:\WINDOWS\SYSTEM32\CRYPTSP.dll
0x00007ffe27190000 - 0x00007ffe271c9000 	C:\WINDOWS\system32\rsaenh.dll
0x00007ffe27850000 - 0x00007ffe27882000 	C:\WINDOWS\SYSTEM32\USERENV.dll
0x00007ffe28390000 - 0x00007ffe283ba000 	C:\WINDOWS\SYSTEM32\bcrypt.dll
0x00007ffe27aa0000 - 0x00007ffe27aac000 	C:\WINDOWS\SYSTEM32\CRYPTBASE.dll
0x00007ffe26c50000 - 0x00007ffe26c83000 	C:\WINDOWS\SYSTEM32\IPHLPAPI.DLL
0x00007ffe2a180000 - 0x00007ffe2a18a000 	C:\WINDOWS\System32\NSI.dll
0x00007ffdffd80000 - 0x00007ffdffd89000 	C:\Users\nihar\.trae\extensions\redhat.java-1.53.0-win32-x64\jre\21.0.10-win32-x86_64\bin\extnet.dll
0x00007ffe004d0000 - 0x00007ffe004de000 	C:\Users\nihar\.trae\extensions\redhat.java-1.53.0-win32-x64\jre\21.0.10-win32-x86_64\bin\sunmscapi.dll
0x00007ffe29330000 - 0x00007ffe294a7000 	C:\WINDOWS\System32\CRYPT32.dll
0x00007ffe27ca0000 - 0x00007ffe27cd0000 	C:\WINDOWS\SYSTEM32\ncrypt.dll
0x00007ffe27c50000 - 0x00007ffe27c8f000 	C:\WINDOWS\SYSTEM32\NTASN1.dll
0x00007ffdf71d0000 - 0x00007ffdf71d8000 	C:\WINDOWS\system32\wshunix.dll

JVMTI agents:
C:\Users\nihar\.gradle\wrapper\dists\gradle-8.10-bin\deqhafrv1ntovfmgh0nh3npr9\gradle-8.10\lib\agents\gradle-instrumentation-agent-8.10.jar path:C:\Users\nihar\.trae\extensions\redhat.java-1.53.0-win32-x64\jre\21.0.10-win32-x86_64\bin\instrument.dll, loaded, initialized, instrumentlib options:none

dbghelp: loaded successfully - version: 4.0.5 - missing functions: none
symbol engine: initialized successfully - sym options: 0x614 - pdb path: .;C:\Users\nihar\.trae\extensions\redhat.java-1.53.0-win32-x64\jre\21.0.10-win32-x86_64\bin;C:\WINDOWS\SYSTEM32;C:\WINDOWS\WinSxS\amd64_microsoft.windows.common-controls_6595b64144ccf1df_6.0.26100.8037_none_3e092faae333b53b;C:\Users\nihar\.trae\extensions\redhat.java-1.53.0-win32-x64\jre\21.0.10-win32-x86_64\bin\server;C:\Users\nihar\.gradle\native\c067742578af261105cb4f569cf0c3c89f3d7b1fecec35dd04571415982c5e48\windows-amd64;C:\Users\nihar\.gradle\native\100fb08df4bc3b14c8652ba06237920a3bd2aa13389f12d3474272988ae205f9\windows-amd64

VM Arguments:
jvm_args: --add-opens=java.base/java.util=ALL-UNNAMED --add-opens=java.base/java.lang=ALL-UNNAMED --add-opens=java.base/java.lang.invoke=ALL-UNNAMED --add-opens=java.prefs/java.util.prefs=ALL-UNNAMED --add-exports=jdk.compiler/com.sun.tools.javac.api=ALL-UNNAMED --add-exports=jdk.compiler/com.sun.tools.javac.util=ALL-UNNAMED --add-opens=java.base/java.nio.charset=ALL-UNNAMED --add-opens=java.base/java.net=ALL-UNNAMED --add-opens=java.base/java.util.concurrent.atomic=ALL-UNNAMED -XX:MaxMetaspaceSize=384m -XX:+HeapDumpOnOutOfMemoryError -Xms256m -Xmx512m -Dfile.encoding=utf8 -Duser.country=IN -Duser.language=en -Duser.variant -javaagent:C:\Users\nihar\.gradle\wrapper\dists\gradle-8.10-bin\deqhafrv1ntovfmgh0nh3npr9\gradle-8.10\lib\agents\gradle-instrumentation-agent-8.10.jar 
java_command: org.gradle.launcher.daemon.bootstrap.GradleDaemon 8.10
java_class_path (initial): C:\Users\nihar\.gradle\wrapper\dists\gradle-8.10-bin\deqhafrv1ntovfmgh0nh3npr9\gradle-8.10\lib\gradle-daemon-main-8.10.jar
Launcher Type: SUN_STANDARD

[Global flags]
     intx CICompilerCount                          = 4                                         {product} {ergonomic}
   size_t CompressedClassSpaceSize                 = 335544320                                 {product} {ergonomic}
     uint ConcGCThreads                            = 3                                         {product} {ergonomic}
     uint G1ConcRefinementThreads                  = 10                                        {product} {ergonomic}
   size_t G1HeapRegionSize                         = 1048576                                   {product} {ergonomic}
    uintx GCDrainStackTargetSize                   = 64                                        {product} {ergonomic}
     bool HeapDumpOnOutOfMemoryError               = true                                   {manageable} {command line}
   size_t InitialHeapSize                          = 268435456                                 {product} {command line}
   size_t MarkStackSize                            = 4194304                                   {product} {ergonomic}
   size_t MaxHeapSize                              = 536870912                                 {product} {command line}
   size_t MaxMetaspaceSize                         = 402653184                                 {product} {command line}
   size_t MaxNewSize                               = 321912832                                 {product} {ergonomic}
   size_t MinHeapDeltaBytes                        = 1048576                                   {product} {ergonomic}
   size_t MinHeapSize                              = 268435456                                 {product} {command line}
    uintx NonNMethodCodeHeapSize                   = 5839372                                {pd product} {ergonomic}
    uintx NonProfiledCodeHeapSize                  = 122909434                              {pd product} {ergonomic}
    uintx ProfiledCodeHeapSize                     = 122909434                              {pd product} {ergonomic}
    uintx ReservedCodeCacheSize                    = 251658240                              {pd product} {ergonomic}
     bool SegmentedCodeCache                       = true                                      {product} {ergonomic}
   size_t SoftMaxHeapSize                          = 536870912                              {manageable} {ergonomic}
     bool UseCompressedOops                        = true                           {product lp64_product} {ergonomic}
     bool UseG1GC                                  = true                                      {product} {ergonomic}
     bool UseLargePagesIndividualAllocation        = false                                  {pd product} {ergonomic}

Logging:
Log output configuration:
 #0: stdout all=warning uptime,level,tags foldmultilines=false
 #1: stderr all=off uptime,level,tags foldmultilines=false

Release file:
JAVA_VERSION="21.0.10" 
MODULES="java.base java.compiler java.datatransfer java.xml java.prefs java.desktop java.instrument java.logging java.management java.security.sasl java.naming java.rmi java.management.rmi java.net.http java.scripting java.security.jgss java.transaction.xa java.sql java.sql.rowset java.xml.crypto java.se java.smartcardio jdk.accessibility jdk.internal.jvmstat jdk.attach jdk.charsets jdk.internal.opt jdk.zipfs jdk.compiler jdk.crypto.ec jdk.crypto.cryptoki jdk.crypto.mscapi jdk.dynalink jdk.internal.ed jdk.editpad jdk.hotspot.agent jdk.httpserver jdk.internal.le jdk.internal.vm.ci jdk.internal.vm.compiler jdk.internal.vm.compiler.management jdk.jartool jdk.javadoc jdk.jcmd jdk.management jdk.management.agent jdk.jconsole jdk.jdeps jdk.jdwp.agent jdk.jdi jdk.jfr jdk.jshell jdk.jsobject jdk.jstatd jdk.localedata jdk.management.jfr jdk.naming.dns jdk.naming.rmi jdk.net jdk.nio.mapmode jdk.random jdk.sctp jdk.security.auth jdk.security.jgss jdk.unsupported jdk.unsupported.desktop jdk.xml.dom" 

Environment Variables:
PATH=c:\Users\nihar\.trae\tools\trae-gopls\current;c:\Users\nihar\.trae\sdks\workspaces\0d3703db\versions\node\current;c:\Users\nihar\.trae\sdks\versions\node\current;C:\Program Files\Google\Chrome\Application;C:\Python313\Scripts\;C:\Python313\;C:\Program Files\Eclipse Adoptium\jdk-21.0.6.7-hotspot\bin;C:\Program Files\Common Files\Oracle\Java\javapath;C:\WINDOWS\system32;C:\WINDOWS;C:\WINDOWS\System32\Wbem;C:\WINDOWS\System32\WindowsPowerShell\v1.0\;C:\WINDOWS\System32\OpenSSH\;C:\Program Files\nodejs\;C:\ProgramData\chocolatey\bin;C:\Program Files\nodejs\;C:\Program Files\Java\jdk-24\bin;C:\Program Files\MySQL\MySQL Server 8.0\bin;C:\MinGW\bin;C:\Program Files\Git\cmd;C:\flutter\bin;C:\Program Files\MySQL\MySQL Shell 8.0\bin\;C:\Users\nihar\AppData\Local\Programs\Python\Launcher\;C:\Users\nihar\AppData\Local\Microsoft\WindowsApps;C:\Users\nihar\AppData\Local\Programs\cursor\resources\app\bin;C:\Users\nihar\AppData\Roaming\npm;C:\Users\nihar\AppData\Local\Programs\Microsoft VS Code\bin;C:\flutter\bin;C:\Users\nihar\AppData\Local\Programs\Antigravity\bin;c:\Users\nihar\AppData\Local\Programs\Trae\resources\app\bin\lib
USERNAME=nihar
OS=Windows_NT
PROCESSOR_IDENTIFIER=AMD64 Family 25 Model 80 Stepping 0, AuthenticAMD
TMP=C:\Users\nihar\AppData\Local\Temp
TEMP=C:\Users\nihar\AppData\Local\Temp




Periodic native trim disabled

---------------  S Y S T E M  ---------------

OS:
 Windows 11 , 64 bit Build 26100 (10.0.26100.7920)
OS uptime: 3 days 12:10 hours
Hyper-V role detected

CPU: total 12 (initial active 12) (12 cores per cpu, 2 threads per core) family 25 model 80 stepping 0 microcode 0xa50000f, cx8, cmov, fxsr, ht, mmx, 3dnowpref, sse, sse2, sse3, ssse3, sse4a, sse4.1, sse4.2, popcnt, lzcnt, tsc, tscinvbit, avx, avx2, aes, erms, clmul, bmi1, bmi2, adx, sha, fma, vzeroupper, clflush, clflushopt, hv, rdtscp, rdpid, fsrm, f16c, cet_ss
Processor Information for processor 0
  Max Mhz: 3301, Current Mhz: 670, Mhz Limit: 660
Processor Information for processor 1
  Max Mhz: 3301, Current Mhz: 670, Mhz Limit: 660
Processor Information for processor 2
  Max Mhz: 3301, Current Mhz: 3301, Mhz Limit: 3301
Processor Information for processor 3
  Max Mhz: 3301, Current Mhz: 3301, Mhz Limit: 3301
Processor Information for processor 4
  Max Mhz: 3301, Current Mhz: 2630, Mhz Limit: 3301
Processor Information for processor 5
  Max Mhz: 3301, Current Mhz: 3301, Mhz Limit: 3301
Processor Information for processor 6
  Max Mhz: 3301, Current Mhz: 3301, Mhz Limit: 3301
Processor Information for processor 7
  Max Mhz: 3301, Current Mhz: 3301, Mhz Limit: 3301
Processor Information for processor 8
  Max Mhz: 3301, Current Mhz: 2630, Mhz Limit: 3301
Processor Information for processor 9
  Max Mhz: 3301, Current Mhz: 3301, Mhz Limit: 3301
Processor Information for processor 10
  Max Mhz: 3301, Current Mhz: 3301, Mhz Limit: 3301
Processor Information for processor 11
  Max Mhz: 3301, Current Mhz: 3301, Mhz Limit: 3301

Memory: 4k page, system-wide physical 7518M (1040M free)
TotalPageFile size 31070M (AvailPageFile size 30M)
current process WorkingSet (physical memory assigned to process): 374M, peak: 398M
current process commit charge ("private bytes"): 506M, peak: 537M

vm_info: OpenJDK 64-Bit Server VM (21.0.10+7-LTS) for windows-amd64 JRE (21.0.10+7-LTS), built on 2026-01-20T00:00:00Z by "admin" with MS VC++ 17.12 (VS2022)

END.
